Archive member included to satisfy reference by file (symbol)

/tmp/c0-toolchain/node_modules/quirkbot-avr-gcc/tools/avr/bin/../lib/gcc/avr/7.3.0/avr5/libgcc.a(_udivmodqi4.o)
                              build/avr-lms-w8/lms.o (__udivmodqi4)
/tmp/c0-toolchain/node_modules/quirkbot-avr-gcc/tools/avr/bin/../lib/gcc/avr/7.3.0/avr5/libgcc.a(_udivmodhi4.o)
                              build/avr-lms-w8/lms.o (__udivmodhi4)
/tmp/c0-toolchain/node_modules/quirkbot-avr-gcc/tools/avr/bin/../lib/gcc/avr/7.3.0/avr5/libgcc.a(_exit.o)
                              /tmp/c0-toolchain/node_modules/quirkbot-avr-gcc/tools/avr/bin/../lib/gcc/avr/7.3.0/../../../../avr/lib/avr5/crtatmega328p.o (exit)
/tmp/c0-toolchain/node_modules/quirkbot-avr-gcc/tools/avr/bin/../lib/gcc/avr/7.3.0/avr5/libgcc.a(_copy_data.o)
                              build/avr-lms-w8/protocol.o (__do_copy_data)
/tmp/c0-toolchain/node_modules/quirkbot-avr-gcc/tools/avr/bin/../lib/gcc/avr/7.3.0/avr5/libgcc.a(_clear_bss.o)
                              build/avr-lms-w8/main.o (__do_clear_bss)
/tmp/c0-toolchain/node_modules/quirkbot-avr-gcc/tools/avr/bin/../lib/gcc/avr/7.3.0/avr5/libgcc.a(_bswapsi2.o)
                              build/avr-lms-w8/common.o (__bswapsi2)
/tmp/c0-toolchain/node_modules/quirkbot-avr-gcc/tools/avr/bin/../lib/gcc/avr/7.3.0/avr5/libgcc.a(_ashldi3.o)
                              build/avr-lms-w8/ascon_aead128.o (__ashldi3)
/tmp/c0-toolchain/node_modules/quirkbot-avr-gcc/tools/avr/bin/../lib/gcc/avr/7.3.0/avr5/libgcc.a(_ashrdi3.o)
                              build/avr-lms-w8/ascon_aead128.o (__lshrdi3)
/tmp/c0-toolchain/node_modules/quirkbot-avr-gcc/tools/avr/bin/../lib/gcc/avr/7.3.0/avr5/libgcc.a(_rotldi3.o)
                              build/avr-lms-w8/ascon_aead128.o (__rotldi3)
/tmp/c0-toolchain/node_modules/quirkbot-avr-gcc/tools/avr/bin/../lib/gcc/avr/7.3.0/../../../../avr/lib/avr5/libc.a(memcpy.o)
                              build/avr-lms-w8/sha256.o (memcpy)
/tmp/c0-toolchain/node_modules/quirkbot-avr-gcc/tools/avr/bin/../lib/gcc/avr/7.3.0/../../../../avr/lib/avr5/libc.a(memset.o)
                              build/avr-lms-w8/sha256.o (memset)
/tmp/c0-toolchain/node_modules/quirkbot-avr-gcc/tools/avr/bin/../lib/gcc/avr/7.3.0/../../../../avr/lib/avr5/libatmega328p.a(eerd_block.o)
                              build/avr-lms-w8/main.o (eeprom_read_block)
/tmp/c0-toolchain/node_modules/quirkbot-avr-gcc/tools/avr/bin/../lib/gcc/avr/7.3.0/../../../../avr/lib/avr5/libatmega328p.a(eeupd_block.o)
                              build/avr-lms-w8/main.o (eeprom_update_block)
/tmp/c0-toolchain/node_modules/quirkbot-avr-gcc/tools/avr/bin/../lib/gcc/avr/7.3.0/../../../../avr/lib/avr5/libatmega328p.a(eeupd_byte.o)
                              /tmp/c0-toolchain/node_modules/quirkbot-avr-gcc/tools/avr/bin/../lib/gcc/avr/7.3.0/../../../../avr/lib/avr5/libatmega328p.a(eeupd_block.o) (eeprom_update_r18)
/tmp/c0-toolchain/node_modules/quirkbot-avr-gcc/tools/avr/bin/../lib/gcc/avr/7.3.0/../../../../avr/lib/avr5/libatmega328p.a(eeupd_word.o)
                              build/avr-lms-w8/main.o (eeprom_update_word)

Discarded input sections

 .data          0x0000000000000000        0x0 /tmp/c0-toolchain/node_modules/quirkbot-avr-gcc/tools/avr/bin/../lib/gcc/avr/7.3.0/../../../../avr/lib/avr5/crtatmega328p.o
 .bss           0x0000000000000000        0x0 /tmp/c0-toolchain/node_modules/quirkbot-avr-gcc/tools/avr/bin/../lib/gcc/avr/7.3.0/../../../../avr/lib/avr5/crtatmega328p.o
 .text          0x0000000000000000        0x0 build/avr-lms-w8/main.o
 .data          0x0000000000000000        0x0 build/avr-lms-w8/main.o
 .bss           0x0000000000000000        0x0 build/avr-lms-w8/main.o
 .text          0x0000000000000000        0x0 build/avr-lms-w8/common.o
 .data          0x0000000000000000        0x0 build/avr-lms-w8/common.o
 .bss           0x0000000000000000        0x0 build/avr-lms-w8/common.o
 .text          0x0000000000000000        0x0 build/avr-lms-w8/sha256.o
 .data          0x0000000000000000        0x0 build/avr-lms-w8/sha256.o
 .bss           0x0000000000000000        0x0 build/avr-lms-w8/sha256.o
 .text.qp_sha256_fips205_seed
                0x0000000000000000      0x10e build/avr-lms-w8/sha256.o
 .text.qp_sha256_final_16
                0x0000000000000000       0x22 build/avr-lms-w8/sha256.o
 .text          0x0000000000000000        0x0 build/avr-lms-w8/ascon_aead128.o
 .data          0x0000000000000000        0x0 build/avr-lms-w8/ascon_aead128.o
 .bss           0x0000000000000000        0x0 build/avr-lms-w8/ascon_aead128.o
 .text          0x0000000000000000        0x0 build/avr-lms-w8/protocol.o
 .data          0x0000000000000000        0x0 build/avr-lms-w8/protocol.o
 .bss           0x0000000000000000        0x0 build/avr-lms-w8/protocol.o
 .text.npq_make_challenge
                0x0000000000000000      0x116 build/avr-lms-w8/protocol.o
 .text.npq_close
                0x0000000000000000        0xe build/avr-lms-w8/protocol.o
 .text          0x0000000000000000        0x0 build/avr-lms-w8/lms.o
 .data          0x0000000000000000        0x0 build/avr-lms-w8/lms.o
 .bss           0x0000000000000000        0x0 build/avr-lms-w8/lms.o
 .text          0x0000000000000000        0x0 /tmp/c0-toolchain/node_modules/quirkbot-avr-gcc/tools/avr/bin/../lib/gcc/avr/7.3.0/avr5/libgcc.a(_udivmodqi4.o)
 .data          0x0000000000000000        0x0 /tmp/c0-toolchain/node_modules/quirkbot-avr-gcc/tools/avr/bin/../lib/gcc/avr/7.3.0/avr5/libgcc.a(_udivmodqi4.o)
 .bss           0x0000000000000000        0x0 /tmp/c0-toolchain/node_modules/quirkbot-avr-gcc/tools/avr/bin/../lib/gcc/avr/7.3.0/avr5/libgcc.a(_udivmodqi4.o)
 .text.libgcc.mul
                0x0000000000000000        0x0 /tmp/c0-toolchain/node_modules/quirkbot-avr-gcc/tools/avr/bin/../lib/gcc/avr/7.3.0/avr5/libgcc.a(_udivmodqi4.o)
 .text.libgcc   0x0000000000000000        0x0 /tmp/c0-toolchain/node_modules/quirkbot-avr-gcc/tools/avr/bin/../lib/gcc/avr/7.3.0/avr5/libgcc.a(_udivmodqi4.o)
 .text.libgcc.prologue
                0x0000000000000000        0x0 /tmp/c0-toolchain/node_modules/quirkbot-avr-gcc/tools/avr/bin/../lib/gcc/avr/7.3.0/avr5/libgcc.a(_udivmodqi4.o)
 .text.libgcc.builtins
                0x0000000000000000        0x0 /tmp/c0-toolchain/node_modules/quirkbot-avr-gcc/tools/avr/bin/../lib/gcc/avr/7.3.0/avr5/libgcc.a(_udivmodqi4.o)
 .text.libgcc.fmul
                0x0000000000000000        0x0 /tmp/c0-toolchain/node_modules/quirkbot-avr-gcc/tools/avr/bin/../lib/gcc/avr/7.3.0/avr5/libgcc.a(_udivmodqi4.o)
 .text.libgcc.fixed
                0x0000000000000000        0x0 /tmp/c0-toolchain/node_modules/quirkbot-avr-gcc/tools/avr/bin/../lib/gcc/avr/7.3.0/avr5/libgcc.a(_udivmodqi4.o)
 .text          0x0000000000000000        0x0 /tmp/c0-toolchain/node_modules/quirkbot-avr-gcc/tools/avr/bin/../lib/gcc/avr/7.3.0/avr5/libgcc.a(_udivmodhi4.o)
 .data          0x0000000000000000        0x0 /tmp/c0-toolchain/node_modules/quirkbot-avr-gcc/tools/avr/bin/../lib/gcc/avr/7.3.0/avr5/libgcc.a(_udivmodhi4.o)
 .bss           0x0000000000000000        0x0 /tmp/c0-toolchain/node_modules/quirkbot-avr-gcc/tools/avr/bin/../lib/gcc/avr/7.3.0/avr5/libgcc.a(_udivmodhi4.o)
 .text.libgcc.mul
                0x0000000000000000        0x0 /tmp/c0-toolchain/node_modules/quirkbot-avr-gcc/tools/avr/bin/../lib/gcc/avr/7.3.0/avr5/libgcc.a(_udivmodhi4.o)
 .text.libgcc   0x0000000000000000        0x0 /tmp/c0-toolchain/node_modules/quirkbot-avr-gcc/tools/avr/bin/../lib/gcc/avr/7.3.0/avr5/libgcc.a(_udivmodhi4.o)
 .text.libgcc.prologue
                0x0000000000000000        0x0 /tmp/c0-toolchain/node_modules/quirkbot-avr-gcc/tools/avr/bin/../lib/gcc/avr/7.3.0/avr5/libgcc.a(_udivmodhi4.o)
 .text.libgcc.builtins
                0x0000000000000000        0x0 /tmp/c0-toolchain/node_modules/quirkbot-avr-gcc/tools/avr/bin/../lib/gcc/avr/7.3.0/avr5/libgcc.a(_udivmodhi4.o)
 .text.libgcc.fmul
                0x0000000000000000        0x0 /tmp/c0-toolchain/node_modules/quirkbot-avr-gcc/tools/avr/bin/../lib/gcc/avr/7.3.0/avr5/libgcc.a(_udivmodhi4.o)
 .text.libgcc.fixed
                0x0000000000000000        0x0 /tmp/c0-toolchain/node_modules/quirkbot-avr-gcc/tools/avr/bin/../lib/gcc/avr/7.3.0/avr5/libgcc.a(_udivmodhi4.o)
 .text          0x0000000000000000        0x0 /tmp/c0-toolchain/node_modules/quirkbot-avr-gcc/tools/avr/bin/../lib/gcc/avr/7.3.0/avr5/libgcc.a(_exit.o)
 .data          0x0000000000000000        0x0 /tmp/c0-toolchain/node_modules/quirkbot-avr-gcc/tools/avr/bin/../lib/gcc/avr/7.3.0/avr5/libgcc.a(_exit.o)
 .bss           0x0000000000000000        0x0 /tmp/c0-toolchain/node_modules/quirkbot-avr-gcc/tools/avr/bin/../lib/gcc/avr/7.3.0/avr5/libgcc.a(_exit.o)
 .text.libgcc.mul
                0x0000000000000000        0x0 /tmp/c0-toolchain/node_modules/quirkbot-avr-gcc/tools/avr/bin/../lib/gcc/avr/7.3.0/avr5/libgcc.a(_exit.o)
 .text.libgcc.div
                0x0000000000000000        0x0 /tmp/c0-toolchain/node_modules/quirkbot-avr-gcc/tools/avr/bin/../lib/gcc/avr/7.3.0/avr5/libgcc.a(_exit.o)
 .text.libgcc   0x0000000000000000        0x0 /tmp/c0-toolchain/node_modules/quirkbot-avr-gcc/tools/avr/bin/../lib/gcc/avr/7.3.0/avr5/libgcc.a(_exit.o)
 .text.libgcc.prologue
                0x0000000000000000        0x0 /tmp/c0-toolchain/node_modules/quirkbot-avr-gcc/tools/avr/bin/../lib/gcc/avr/7.3.0/avr5/libgcc.a(_exit.o)
 .text.libgcc.builtins
                0x0000000000000000        0x0 /tmp/c0-toolchain/node_modules/quirkbot-avr-gcc/tools/avr/bin/../lib/gcc/avr/7.3.0/avr5/libgcc.a(_exit.o)
 .text.libgcc.fmul
                0x0000000000000000        0x0 /tmp/c0-toolchain/node_modules/quirkbot-avr-gcc/tools/avr/bin/../lib/gcc/avr/7.3.0/avr5/libgcc.a(_exit.o)
 .text.libgcc.fixed
                0x0000000000000000        0x0 /tmp/c0-toolchain/node_modules/quirkbot-avr-gcc/tools/avr/bin/../lib/gcc/avr/7.3.0/avr5/libgcc.a(_exit.o)
 .text          0x0000000000000000        0x0 /tmp/c0-toolchain/node_modules/quirkbot-avr-gcc/tools/avr/bin/../lib/gcc/avr/7.3.0/avr5/libgcc.a(_copy_data.o)
 .data          0x0000000000000000        0x0 /tmp/c0-toolchain/node_modules/quirkbot-avr-gcc/tools/avr/bin/../lib/gcc/avr/7.3.0/avr5/libgcc.a(_copy_data.o)
 .bss           0x0000000000000000        0x0 /tmp/c0-toolchain/node_modules/quirkbot-avr-gcc/tools/avr/bin/../lib/gcc/avr/7.3.0/avr5/libgcc.a(_copy_data.o)
 .text.libgcc.mul
                0x0000000000000000        0x0 /tmp/c0-toolchain/node_modules/quirkbot-avr-gcc/tools/avr/bin/../lib/gcc/avr/7.3.0/avr5/libgcc.a(_copy_data.o)
 .text.libgcc.div
                0x0000000000000000        0x0 /tmp/c0-toolchain/node_modules/quirkbot-avr-gcc/tools/avr/bin/../lib/gcc/avr/7.3.0/avr5/libgcc.a(_copy_data.o)
 .text.libgcc   0x0000000000000000        0x0 /tmp/c0-toolchain/node_modules/quirkbot-avr-gcc/tools/avr/bin/../lib/gcc/avr/7.3.0/avr5/libgcc.a(_copy_data.o)
 .text.libgcc.prologue
                0x0000000000000000        0x0 /tmp/c0-toolchain/node_modules/quirkbot-avr-gcc/tools/avr/bin/../lib/gcc/avr/7.3.0/avr5/libgcc.a(_copy_data.o)
 .text.libgcc.builtins
                0x0000000000000000        0x0 /tmp/c0-toolchain/node_modules/quirkbot-avr-gcc/tools/avr/bin/../lib/gcc/avr/7.3.0/avr5/libgcc.a(_copy_data.o)
 .text.libgcc.fmul
                0x0000000000000000        0x0 /tmp/c0-toolchain/node_modules/quirkbot-avr-gcc/tools/avr/bin/../lib/gcc/avr/7.3.0/avr5/libgcc.a(_copy_data.o)
 .text.libgcc.fixed
                0x0000000000000000        0x0 /tmp/c0-toolchain/node_modules/quirkbot-avr-gcc/tools/avr/bin/../lib/gcc/avr/7.3.0/avr5/libgcc.a(_copy_data.o)
 .text          0x0000000000000000        0x0 /tmp/c0-toolchain/node_modules/quirkbot-avr-gcc/tools/avr/bin/../lib/gcc/avr/7.3.0/avr5/libgcc.a(_clear_bss.o)
 .data          0x0000000000000000        0x0 /tmp/c0-toolchain/node_modules/quirkbot-avr-gcc/tools/avr/bin/../lib/gcc/avr/7.3.0/avr5/libgcc.a(_clear_bss.o)
 .bss           0x0000000000000000        0x0 /tmp/c0-toolchain/node_modules/quirkbot-avr-gcc/tools/avr/bin/../lib/gcc/avr/7.3.0/avr5/libgcc.a(_clear_bss.o)
 .text.libgcc.mul
                0x0000000000000000        0x0 /tmp/c0-toolchain/node_modules/quirkbot-avr-gcc/tools/avr/bin/../lib/gcc/avr/7.3.0/avr5/libgcc.a(_clear_bss.o)
 .text.libgcc.div
                0x0000000000000000        0x0 /tmp/c0-toolchain/node_modules/quirkbot-avr-gcc/tools/avr/bin/../lib/gcc/avr/7.3.0/avr5/libgcc.a(_clear_bss.o)
 .text.libgcc   0x0000000000000000        0x0 /tmp/c0-toolchain/node_modules/quirkbot-avr-gcc/tools/avr/bin/../lib/gcc/avr/7.3.0/avr5/libgcc.a(_clear_bss.o)
 .text.libgcc.prologue
                0x0000000000000000        0x0 /tmp/c0-toolchain/node_modules/quirkbot-avr-gcc/tools/avr/bin/../lib/gcc/avr/7.3.0/avr5/libgcc.a(_clear_bss.o)
 .text.libgcc.builtins
                0x0000000000000000        0x0 /tmp/c0-toolchain/node_modules/quirkbot-avr-gcc/tools/avr/bin/../lib/gcc/avr/7.3.0/avr5/libgcc.a(_clear_bss.o)
 .text.libgcc.fmul
                0x0000000000000000        0x0 /tmp/c0-toolchain/node_modules/quirkbot-avr-gcc/tools/avr/bin/../lib/gcc/avr/7.3.0/avr5/libgcc.a(_clear_bss.o)
 .text.libgcc.fixed
                0x0000000000000000        0x0 /tmp/c0-toolchain/node_modules/quirkbot-avr-gcc/tools/avr/bin/../lib/gcc/avr/7.3.0/avr5/libgcc.a(_clear_bss.o)
 .text          0x0000000000000000        0x0 /tmp/c0-toolchain/node_modules/quirkbot-avr-gcc/tools/avr/bin/../lib/gcc/avr/7.3.0/avr5/libgcc.a(_bswapsi2.o)
 .data          0x0000000000000000        0x0 /tmp/c0-toolchain/node_modules/quirkbot-avr-gcc/tools/avr/bin/../lib/gcc/avr/7.3.0/avr5/libgcc.a(_bswapsi2.o)
 .bss           0x0000000000000000        0x0 /tmp/c0-toolchain/node_modules/quirkbot-avr-gcc/tools/avr/bin/../lib/gcc/avr/7.3.0/avr5/libgcc.a(_bswapsi2.o)
 .text.libgcc.mul
                0x0000000000000000        0x0 /tmp/c0-toolchain/node_modules/quirkbot-avr-gcc/tools/avr/bin/../lib/gcc/avr/7.3.0/avr5/libgcc.a(_bswapsi2.o)
 .text.libgcc.div
                0x0000000000000000        0x0 /tmp/c0-toolchain/node_modules/quirkbot-avr-gcc/tools/avr/bin/../lib/gcc/avr/7.3.0/avr5/libgcc.a(_bswapsi2.o)
 .text.libgcc   0x0000000000000000        0x0 /tmp/c0-toolchain/node_modules/quirkbot-avr-gcc/tools/avr/bin/../lib/gcc/avr/7.3.0/avr5/libgcc.a(_bswapsi2.o)
 .text.libgcc.prologue
                0x0000000000000000        0x0 /tmp/c0-toolchain/node_modules/quirkbot-avr-gcc/tools/avr/bin/../lib/gcc/avr/7.3.0/avr5/libgcc.a(_bswapsi2.o)
 .text.libgcc.fmul
                0x0000000000000000        0x0 /tmp/c0-toolchain/node_modules/quirkbot-avr-gcc/tools/avr/bin/../lib/gcc/avr/7.3.0/avr5/libgcc.a(_bswapsi2.o)
 .text.libgcc.fixed
                0x0000000000000000        0x0 /tmp/c0-toolchain/node_modules/quirkbot-avr-gcc/tools/avr/bin/../lib/gcc/avr/7.3.0/avr5/libgcc.a(_bswapsi2.o)
 .text          0x0000000000000000        0x0 /tmp/c0-toolchain/node_modules/quirkbot-avr-gcc/tools/avr/bin/../lib/gcc/avr/7.3.0/avr5/libgcc.a(_ashldi3.o)
 .data          0x0000000000000000        0x0 /tmp/c0-toolchain/node_modules/quirkbot-avr-gcc/tools/avr/bin/../lib/gcc/avr/7.3.0/avr5/libgcc.a(_ashldi3.o)
 .bss           0x0000000000000000        0x0 /tmp/c0-toolchain/node_modules/quirkbot-avr-gcc/tools/avr/bin/../lib/gcc/avr/7.3.0/avr5/libgcc.a(_ashldi3.o)
 .text.libgcc.mul
                0x0000000000000000        0x0 /tmp/c0-toolchain/node_modules/quirkbot-avr-gcc/tools/avr/bin/../lib/gcc/avr/7.3.0/avr5/libgcc.a(_ashldi3.o)
 .text.libgcc.div
                0x0000000000000000        0x0 /tmp/c0-toolchain/node_modules/quirkbot-avr-gcc/tools/avr/bin/../lib/gcc/avr/7.3.0/avr5/libgcc.a(_ashldi3.o)
 .text.libgcc   0x0000000000000000        0x0 /tmp/c0-toolchain/node_modules/quirkbot-avr-gcc/tools/avr/bin/../lib/gcc/avr/7.3.0/avr5/libgcc.a(_ashldi3.o)
 .text.libgcc.prologue
                0x0000000000000000        0x0 /tmp/c0-toolchain/node_modules/quirkbot-avr-gcc/tools/avr/bin/../lib/gcc/avr/7.3.0/avr5/libgcc.a(_ashldi3.o)
 .text.libgcc.fmul
                0x0000000000000000        0x0 /tmp/c0-toolchain/node_modules/quirkbot-avr-gcc/tools/avr/bin/../lib/gcc/avr/7.3.0/avr5/libgcc.a(_ashldi3.o)
 .text.libgcc.fixed
                0x0000000000000000        0x0 /tmp/c0-toolchain/node_modules/quirkbot-avr-gcc/tools/avr/bin/../lib/gcc/avr/7.3.0/avr5/libgcc.a(_ashldi3.o)
 .text          0x0000000000000000        0x0 /tmp/c0-toolchain/node_modules/quirkbot-avr-gcc/tools/avr/bin/../lib/gcc/avr/7.3.0/avr5/libgcc.a(_ashrdi3.o)
 .data          0x0000000000000000        0x0 /tmp/c0-toolchain/node_modules/quirkbot-avr-gcc/tools/avr/bin/../lib/gcc/avr/7.3.0/avr5/libgcc.a(_ashrdi3.o)
 .bss           0x0000000000000000        0x0 /tmp/c0-toolchain/node_modules/quirkbot-avr-gcc/tools/avr/bin/../lib/gcc/avr/7.3.0/avr5/libgcc.a(_ashrdi3.o)
 .text.libgcc.mul
                0x0000000000000000        0x0 /tmp/c0-toolchain/node_modules/quirkbot-avr-gcc/tools/avr/bin/../lib/gcc/avr/7.3.0/avr5/libgcc.a(_ashrdi3.o)
 .text.libgcc.div
                0x0000000000000000        0x0 /tmp/c0-toolchain/node_modules/quirkbot-avr-gcc/tools/avr/bin/../lib/gcc/avr/7.3.0/avr5/libgcc.a(_ashrdi3.o)
 .text.libgcc   0x0000000000000000        0x0 /tmp/c0-toolchain/node_modules/quirkbot-avr-gcc/tools/avr/bin/../lib/gcc/avr/7.3.0/avr5/libgcc.a(_ashrdi3.o)
 .text.libgcc.prologue
                0x0000000000000000        0x0 /tmp/c0-toolchain/node_modules/quirkbot-avr-gcc/tools/avr/bin/../lib/gcc/avr/7.3.0/avr5/libgcc.a(_ashrdi3.o)
 .text.libgcc.fmul
                0x0000000000000000        0x0 /tmp/c0-toolchain/node_modules/quirkbot-avr-gcc/tools/avr/bin/../lib/gcc/avr/7.3.0/avr5/libgcc.a(_ashrdi3.o)
 .text.libgcc.fixed
                0x0000000000000000        0x0 /tmp/c0-toolchain/node_modules/quirkbot-avr-gcc/tools/avr/bin/../lib/gcc/avr/7.3.0/avr5/libgcc.a(_ashrdi3.o)
 .text          0x0000000000000000        0x0 /tmp/c0-toolchain/node_modules/quirkbot-avr-gcc/tools/avr/bin/../lib/gcc/avr/7.3.0/avr5/libgcc.a(_rotldi3.o)
 .data          0x0000000000000000        0x0 /tmp/c0-toolchain/node_modules/quirkbot-avr-gcc/tools/avr/bin/../lib/gcc/avr/7.3.0/avr5/libgcc.a(_rotldi3.o)
 .bss           0x0000000000000000        0x0 /tmp/c0-toolchain/node_modules/quirkbot-avr-gcc/tools/avr/bin/../lib/gcc/avr/7.3.0/avr5/libgcc.a(_rotldi3.o)
 .text.libgcc.mul
                0x0000000000000000        0x0 /tmp/c0-toolchain/node_modules/quirkbot-avr-gcc/tools/avr/bin/../lib/gcc/avr/7.3.0/avr5/libgcc.a(_rotldi3.o)
 .text.libgcc.div
                0x0000000000000000        0x0 /tmp/c0-toolchain/node_modules/quirkbot-avr-gcc/tools/avr/bin/../lib/gcc/avr/7.3.0/avr5/libgcc.a(_rotldi3.o)
 .text.libgcc   0x0000000000000000        0x0 /tmp/c0-toolchain/node_modules/quirkbot-avr-gcc/tools/avr/bin/../lib/gcc/avr/7.3.0/avr5/libgcc.a(_rotldi3.o)
 .text.libgcc.prologue
                0x0000000000000000        0x0 /tmp/c0-toolchain/node_modules/quirkbot-avr-gcc/tools/avr/bin/../lib/gcc/avr/7.3.0/avr5/libgcc.a(_rotldi3.o)
 .text.libgcc.fmul
                0x0000000000000000        0x0 /tmp/c0-toolchain/node_modules/quirkbot-avr-gcc/tools/avr/bin/../lib/gcc/avr/7.3.0/avr5/libgcc.a(_rotldi3.o)
 .text.libgcc.fixed
                0x0000000000000000        0x0 /tmp/c0-toolchain/node_modules/quirkbot-avr-gcc/tools/avr/bin/../lib/gcc/avr/7.3.0/avr5/libgcc.a(_rotldi3.o)
 .text          0x0000000000000000        0x0 /tmp/c0-toolchain/node_modules/quirkbot-avr-gcc/tools/avr/bin/../lib/gcc/avr/7.3.0/../../../../avr/lib/avr5/libc.a(memcpy.o)
 .data          0x0000000000000000        0x0 /tmp/c0-toolchain/node_modules/quirkbot-avr-gcc/tools/avr/bin/../lib/gcc/avr/7.3.0/../../../../avr/lib/avr5/libc.a(memcpy.o)
 .bss           0x0000000000000000        0x0 /tmp/c0-toolchain/node_modules/quirkbot-avr-gcc/tools/avr/bin/../lib/gcc/avr/7.3.0/../../../../avr/lib/avr5/libc.a(memcpy.o)
 .text          0x0000000000000000        0x0 /tmp/c0-toolchain/node_modules/quirkbot-avr-gcc/tools/avr/bin/../lib/gcc/avr/7.3.0/../../../../avr/lib/avr5/libc.a(memset.o)
 .data          0x0000000000000000        0x0 /tmp/c0-toolchain/node_modules/quirkbot-avr-gcc/tools/avr/bin/../lib/gcc/avr/7.3.0/../../../../avr/lib/avr5/libc.a(memset.o)
 .bss           0x0000000000000000        0x0 /tmp/c0-toolchain/node_modules/quirkbot-avr-gcc/tools/avr/bin/../lib/gcc/avr/7.3.0/../../../../avr/lib/avr5/libc.a(memset.o)
 .text          0x0000000000000000        0x0 /tmp/c0-toolchain/node_modules/quirkbot-avr-gcc/tools/avr/bin/../lib/gcc/avr/7.3.0/../../../../avr/lib/avr5/libatmega328p.a(eerd_block.o)
 .data          0x0000000000000000        0x0 /tmp/c0-toolchain/node_modules/quirkbot-avr-gcc/tools/avr/bin/../lib/gcc/avr/7.3.0/../../../../avr/lib/avr5/libatmega328p.a(eerd_block.o)
 .bss           0x0000000000000000        0x0 /tmp/c0-toolchain/node_modules/quirkbot-avr-gcc/tools/avr/bin/../lib/gcc/avr/7.3.0/../../../../avr/lib/avr5/libatmega328p.a(eerd_block.o)
 .text          0x0000000000000000        0x0 /tmp/c0-toolchain/node_modules/quirkbot-avr-gcc/tools/avr/bin/../lib/gcc/avr/7.3.0/../../../../avr/lib/avr5/libatmega328p.a(eeupd_block.o)
 .data          0x0000000000000000        0x0 /tmp/c0-toolchain/node_modules/quirkbot-avr-gcc/tools/avr/bin/../lib/gcc/avr/7.3.0/../../../../avr/lib/avr5/libatmega328p.a(eeupd_block.o)
 .bss           0x0000000000000000        0x0 /tmp/c0-toolchain/node_modules/quirkbot-avr-gcc/tools/avr/bin/../lib/gcc/avr/7.3.0/../../../../avr/lib/avr5/libatmega328p.a(eeupd_block.o)
 .text          0x0000000000000000        0x0 /tmp/c0-toolchain/node_modules/quirkbot-avr-gcc/tools/avr/bin/../lib/gcc/avr/7.3.0/../../../../avr/lib/avr5/libatmega328p.a(eeupd_byte.o)
 .data          0x0000000000000000        0x0 /tmp/c0-toolchain/node_modules/quirkbot-avr-gcc/tools/avr/bin/../lib/gcc/avr/7.3.0/../../../../avr/lib/avr5/libatmega328p.a(eeupd_byte.o)
 .bss           0x0000000000000000        0x0 /tmp/c0-toolchain/node_modules/quirkbot-avr-gcc/tools/avr/bin/../lib/gcc/avr/7.3.0/../../../../avr/lib/avr5/libatmega328p.a(eeupd_byte.o)
 .text          0x0000000000000000        0x0 /tmp/c0-toolchain/node_modules/quirkbot-avr-gcc/tools/avr/bin/../lib/gcc/avr/7.3.0/../../../../avr/lib/avr5/libatmega328p.a(eeupd_word.o)
 .data          0x0000000000000000        0x0 /tmp/c0-toolchain/node_modules/quirkbot-avr-gcc/tools/avr/bin/../lib/gcc/avr/7.3.0/../../../../avr/lib/avr5/libatmega328p.a(eeupd_word.o)
 .bss           0x0000000000000000        0x0 /tmp/c0-toolchain/node_modules/quirkbot-avr-gcc/tools/avr/bin/../lib/gcc/avr/7.3.0/../../../../avr/lib/avr5/libatmega328p.a(eeupd_word.o)

Memory Configuration

Name             Origin             Length             Attributes
text             0x0000000000000000 0x0000000000020000 xr
data             0x0000000000800060 0x000000000000ffa0 rw !x
eeprom           0x0000000000810000 0x0000000000010000 rw !x
fuse             0x0000000000820000 0x0000000000000003 rw !x
lock             0x0000000000830000 0x0000000000000400 rw !x
signature        0x0000000000840000 0x0000000000000400 rw !x
user_signatures  0x0000000000850000 0x0000000000000400 rw !x
*default*        0x0000000000000000 0xffffffffffffffff

Linker script and memory map

Address of section .data set to 0x800100
LOAD /tmp/c0-toolchain/node_modules/quirkbot-avr-gcc/tools/avr/bin/../lib/gcc/avr/7.3.0/../../../../avr/lib/avr5/crtatmega328p.o
LOAD build/avr-lms-w8/main.o
LOAD build/avr-lms-w8/common.o
LOAD build/avr-lms-w8/sha256.o
LOAD build/avr-lms-w8/ascon_aead128.o
LOAD build/avr-lms-w8/protocol.o
LOAD build/avr-lms-w8/lms.o
START GROUP
LOAD /tmp/c0-toolchain/node_modules/quirkbot-avr-gcc/tools/avr/bin/../lib/gcc/avr/7.3.0/avr5/libgcc.a
LOAD /tmp/c0-toolchain/node_modules/quirkbot-avr-gcc/tools/avr/bin/../lib/gcc/avr/7.3.0/../../../../avr/lib/avr5/libm.a
LOAD /tmp/c0-toolchain/node_modules/quirkbot-avr-gcc/tools/avr/bin/../lib/gcc/avr/7.3.0/../../../../avr/lib/avr5/libc.a
LOAD /tmp/c0-toolchain/node_modules/quirkbot-avr-gcc/tools/avr/bin/../lib/gcc/avr/7.3.0/../../../../avr/lib/avr5/libatmega328p.a
END GROUP
                0x0000000000020000                __TEXT_REGION_LENGTH__ = DEFINED (__TEXT_REGION_LENGTH__)?__TEXT_REGION_LENGTH__:0x20000
                0x000000000000ffa0                __DATA_REGION_LENGTH__ = DEFINED (__DATA_REGION_LENGTH__)?__DATA_REGION_LENGTH__:0xffa0
                0x0000000000010000                __EEPROM_REGION_LENGTH__ = DEFINED (__EEPROM_REGION_LENGTH__)?__EEPROM_REGION_LENGTH__:0x10000
                [0x0000000000000003]                __FUSE_REGION_LENGTH__ = DEFINED (__FUSE_REGION_LENGTH__)?__FUSE_REGION_LENGTH__:0x400
                0x0000000000000400                __LOCK_REGION_LENGTH__ = DEFINED (__LOCK_REGION_LENGTH__)?__LOCK_REGION_LENGTH__:0x400
                0x0000000000000400                __SIGNATURE_REGION_LENGTH__ = DEFINED (__SIGNATURE_REGION_LENGTH__)?__SIGNATURE_REGION_LENGTH__:0x400
                0x0000000000000400                __USER_SIGNATURE_REGION_LENGTH__ = DEFINED (__USER_SIGNATURE_REGION_LENGTH__)?__USER_SIGNATURE_REGION_LENGTH__:0x400

.hash
 *(.hash)

.dynsym
 *(.dynsym)

.dynstr
 *(.dynstr)

.gnu.version
 *(.gnu.version)

.gnu.version_d
 *(.gnu.version_d)

.gnu.version_r
 *(.gnu.version_r)

.rel.init
 *(.rel.init)

.rela.init
 *(.rela.init)

.rel.text
 *(.rel.text)
 *(.rel.text.*)
 *(.rel.gnu.linkonce.t*)

.rela.text
 *(.rela.text)
 *(.rela.text.*)
 *(.rela.gnu.linkonce.t*)

.rel.fini
 *(.rel.fini)

.rela.fini
 *(.rela.fini)

.rel.rodata
 *(.rel.rodata)
 *(.rel.rodata.*)
 *(.rel.gnu.linkonce.r*)

.rela.rodata
 *(.rela.rodata)
 *(.rela.rodata.*)
 *(.rela.gnu.linkonce.r*)

.rel.data
 *(.rel.data)
 *(.rel.data.*)
 *(.rel.gnu.linkonce.d*)

.rela.data
 *(.rela.data)
 *(.rela.data.*)
 *(.rela.gnu.linkonce.d*)

.rel.ctors
 *(.rel.ctors)

.rela.ctors
 *(.rela.ctors)

.rel.dtors
 *(.rel.dtors)

.rela.dtors
 *(.rela.dtors)

.rel.got
 *(.rel.got)

.rela.got
 *(.rela.got)

.rel.bss
 *(.rel.bss)

.rela.bss
 *(.rela.bss)

.rel.plt
 *(.rel.plt)

.rela.plt
 *(.rela.plt)

.text           0x0000000000000000     0x4608
 *(.vectors)
 .vectors       0x0000000000000000       0x68 /tmp/c0-toolchain/node_modules/quirkbot-avr-gcc/tools/avr/bin/../lib/gcc/avr/7.3.0/../../../../avr/lib/avr5/crtatmega328p.o
                0x0000000000000000                __vectors
                0x0000000000000000                __vector_default
 *(.vectors)
 *(.progmem.gcc*)
                0x0000000000000068                . = ALIGN (0x2)
                0x0000000000000068                __trampolines_start = .
 *(.trampolines)
 .trampolines   0x0000000000000068        0x0 linker stubs
 *(.trampolines*)
                0x0000000000000068                __trampolines_end = .
 *libprintf_flt.a:*(.progmem.data)
 *libc.a:*(.progmem.data)
 *(.progmem*)
 .progmem.data.NPQ_LEGACY_POLICY_DIGEST
                0x0000000000000068       0x10 build/avr-lms-w8/main.o
 .progmem.data.NPQ_DEVICE_CLASS_ID
                0x0000000000000078       0x10 build/avr-lms-w8/main.o
 .progmem.data.NPQ_LMS_W8_PUBLIC_KEY
                0x0000000000000088       0x38 build/avr-lms-w8/main.o
 .progmem.data.NPQ_DEVICE_ID
                0x00000000000000c0        0x8 build/avr-lms-w8/main.o
 .progmem.data.NPQ_DEVICE_ROOT
                0x00000000000000c8       0x20 build/avr-lms-w8/main.o
 .progmem.data.QP_K
                0x00000000000000e8      0x100 build/avr-lms-w8/sha256.o
                0x00000000000001e8                . = ALIGN (0x2)
 *(.jumptables)
 *(.jumptables*)
 *(.lowtext)
 *(.lowtext*)
                0x00000000000001e8                __ctors_start = .
 *(.ctors)
                0x00000000000001e8                __ctors_end = .
                0x00000000000001e8                __dtors_start = .
 *(.dtors)
                0x00000000000001e8                __dtors_end = .
 SORT(*)(.ctors)
 SORT(*)(.dtors)
 *(.init0)
 .init0         0x00000000000001e8        0x0 /tmp/c0-toolchain/node_modules/quirkbot-avr-gcc/tools/avr/bin/../lib/gcc/avr/7.3.0/../../../../avr/lib/avr5/crtatmega328p.o
                0x00000000000001e8                __init
 *(.init0)
 *(.init1)
 *(.init1)
 *(.init2)
 .init2         0x00000000000001e8        0xc /tmp/c0-toolchain/node_modules/quirkbot-avr-gcc/tools/avr/bin/../lib/gcc/avr/7.3.0/../../../../avr/lib/avr5/crtatmega328p.o
 *(.init2)
 *(.init3)
 *(.init3)
 *(.init4)
 .init4         0x00000000000001f4       0x16 /tmp/c0-toolchain/node_modules/quirkbot-avr-gcc/tools/avr/bin/../lib/gcc/avr/7.3.0/avr5/libgcc.a(_copy_data.o)
                0x00000000000001f4                __do_copy_data
 .init4         0x000000000000020a       0x10 /tmp/c0-toolchain/node_modules/quirkbot-avr-gcc/tools/avr/bin/../lib/gcc/avr/7.3.0/avr5/libgcc.a(_clear_bss.o)
                0x000000000000020a                __do_clear_bss
 *(.init4)
 *(.init5)
 *(.init5)
 *(.init6)
 *(.init6)
 *(.init7)
 *(.init7)
 *(.init8)
 *(.init8)
 *(.init9)
 .init9         0x000000000000021a        0x8 /tmp/c0-toolchain/node_modules/quirkbot-avr-gcc/tools/avr/bin/../lib/gcc/avr/7.3.0/../../../../avr/lib/avr5/crtatmega328p.o
 *(.init9)
 *(.text)
 .text          0x0000000000000222        0x4 /tmp/c0-toolchain/node_modules/quirkbot-avr-gcc/tools/avr/bin/../lib/gcc/avr/7.3.0/../../../../avr/lib/avr5/crtatmega328p.o
                0x0000000000000222                __vector_22
                0x0000000000000222                __vector_1
                0x0000000000000222                __vector_24
                0x0000000000000222                __vector_12
                0x0000000000000222                __bad_interrupt
                0x0000000000000222                __vector_6
                0x0000000000000222                __vector_3
                0x0000000000000222                __vector_23
                0x0000000000000222                __vector_25
                0x0000000000000222                __vector_11
                0x0000000000000222                __vector_13
                0x0000000000000222                __vector_17
                0x0000000000000222                __vector_19
                0x0000000000000222                __vector_7
                0x0000000000000222                __vector_5
                0x0000000000000222                __vector_4
                0x0000000000000222                __vector_9
                0x0000000000000222                __vector_2
                0x0000000000000222                __vector_21
                0x0000000000000222                __vector_15
                0x0000000000000222                __vector_8
                0x0000000000000222                __vector_14
                0x0000000000000222                __vector_10
                0x0000000000000222                __vector_16
                0x0000000000000222                __vector_18
                0x0000000000000222                __vector_20
                0x0000000000000226                . = ALIGN (0x2)
 *(.text.*)
 .text.uart_getc_timeout
                0x0000000000000226       0x32 build/avr-lms-w8/main.o
 .text.uart_read_frame
                0x0000000000000258       0x7c build/avr-lms-w8/main.o
 .text.crc16_ccitt.constprop.4
                0x00000000000002d4       0x32 build/avr-lms-w8/main.o
 .text.state_persist
                0x0000000000000306       0xd8 build/avr-lms-w8/main.o
 .text.state_valid
                0x00000000000003de       0x36 build/avr-lms-w8/main.o
 .text.fatal_blink
                0x0000000000000414       0x2a build/avr-lms-w8/main.o
 .text.uart_send_frame
                0x000000000000043e       0x2a build/avr-lms-w8/main.o
 .text.signature_reader
                0x0000000000000468       0x88 build/avr-lms-w8/main.o
 .text.startup.main
                0x00000000000004f0      0x5c2 build/avr-lms-w8/main.o
                0x00000000000004f0                main
 .text.npq_secure_zero
                0x0000000000000ab2       0x14 build/avr-lms-w8/common.o
                0x0000000000000ab2                npq_secure_zero
 .text.npq_constant_time_equal
                0x0000000000000ac6       0x2a build/avr-lms-w8/common.o
                0x0000000000000ac6                npq_constant_time_equal
 .text.npq_store_u32_be
                0x0000000000000af0        0xc build/avr-lms-w8/common.o
                0x0000000000000af0                npq_store_u32_be
 .text.npq_load_u32_be
                0x0000000000000afc       0x10 build/avr-lms-w8/common.o
                0x0000000000000afc                npq_load_u32_be
 .text.transform_schedule
                0x0000000000000b0c      0x680 build/avr-lms-w8/sha256.o
 .text.write_digest_words
                0x000000000000118c       0x32 build/avr-lms-w8/sha256.o
 .text.transform
                0x00000000000011be       0x32 build/avr-lms-w8/sha256.o
 .text.final_transform
                0x00000000000011f0       0xd0 build/avr-lms-w8/sha256.o
 .text.qp_sha256_init
                0x00000000000012c0       0xa8 build/avr-lms-w8/sha256.o
                0x00000000000012c0                qp_sha256_init
 .text.hmac_prefix
                0x0000000000001368       0x64 build/avr-lms-w8/sha256.o
 .text.qp_sha256_update
                0x00000000000013cc       0xb6 build/avr-lms-w8/sha256.o
                0x00000000000013cc                qp_sha256_update
 .text.qp_sha256_final
                0x0000000000001482       0x22 build/avr-lms-w8/sha256.o
                0x0000000000001482                qp_sha256_final
 .text.qp_sha256
                0x00000000000014a4       0x66 build/avr-lms-w8/sha256.o
                0x00000000000014a4                qp_sha256
 .text.qp_hmac_sha256_32
                0x000000000000150a       0x98 build/avr-lms-w8/sha256.o
                0x000000000000150a                qp_hmac_sha256_32
 .text.qp_constant_time_equal
                0x00000000000015a2       0x2a build/avr-lms-w8/sha256.o
                0x00000000000015a2                qp_constant_time_equal
 .text.load_little_endian
                0x00000000000015cc       0x8e build/avr-lms-w8/ascon_aead128.o
 .text.ascon_round
                0x000000000000165a      0x5ec build/avr-lms-w8/ascon_aead128.o
 .text.ascon_permute12
                0x0000000000001c46       0x2a build/avr-lms-w8/ascon_aead128.o
 .text.ascon_permute8
                0x0000000000001c70       0x2a build/avr-lms-w8/ascon_aead128.o
 .text.initialize
                0x0000000000001c9a      0x17c build/avr-lms-w8/ascon_aead128.o
 .text.absorb_associated_data
                0x0000000000001e16      0x240 build/avr-lms-w8/ascon_aead128.o
 .text.finalize_tag
                0x0000000000002056      0x24a build/avr-lms-w8/ascon_aead128.o
 .text.npq_ascon_aead128_encrypt
                0x00000000000022a0      0x3cc build/avr-lms-w8/ascon_aead128.o
                0x00000000000022a0                npq_ascon_aead128_encrypt
 .text.npq_ascon_aead128_decrypt
                0x000000000000266c      0x7a2 build/avr-lms-w8/ascon_aead128.o
                0x000000000000266c                npq_ascon_aead128_decrypt
 .text.valid_header
                0x0000000000002e0e       0x28 build/avr-lms-w8/protocol.o
 .text.make_nonce
                0x0000000000002e36       0x66 build/avr-lms-w8/protocol.o
 .text.hmac_label
                0x0000000000002e9c       0xd6 build/avr-lms-w8/protocol.o
 .text.ratchet_material
                0x0000000000002f72       0xa4 build/avr-lms-w8/protocol.o
 .text.hkdf_expand_label
                0x0000000000003016       0xd0 build/avr-lms-w8/protocol.o
 .text.verify_mac16
                0x00000000000030e6       0x6c build/avr-lms-w8/protocol.o
 .text.npq_make_hello
                0x0000000000003152      0x130 build/avr-lms-w8/protocol.o
                0x0000000000003152                npq_make_hello
 .text.npq_verify_hello
                0x0000000000003282       0x56 build/avr-lms-w8/protocol.o
                0x0000000000003282                npq_verify_hello
 .text.npq_verify_challenge
                0x00000000000032d8       0x7e build/avr-lms-w8/protocol.o
                0x00000000000032d8                npq_verify_challenge
 .text.derive_transcript_prk
                0x0000000000003356       0xce build/avr-lms-w8/protocol.o
 .text.npq_derive_session
                0x0000000000003424      0x23c build/avr-lms-w8/protocol.o
                0x0000000000003424                npq_derive_session
 .text.npq_make_finished
                0x0000000000003660      0x172 build/avr-lms-w8/protocol.o
                0x0000000000003660                npq_make_finished
 .text.npq_verify_finished
                0x00000000000037d2       0xba build/avr-lms-w8/protocol.o
                0x00000000000037d2                npq_verify_finished
 .text.npq_seal
                0x000000000000388c      0x1c6 build/avr-lms-w8/protocol.o
                0x000000000000388c                npq_seal
 .text.npq_open
                0x0000000000003a52      0x218 build/avr-lms-w8/protocol.o
                0x0000000000003a52                npq_open
 .text.load_u32_be
                0x0000000000003c6a       0x10 build/avr-lms-w8/lms.o
 .text.coefficient_at
                0x0000000000003c7a       0x6e build/avr-lms-w8/lms.o
 .text.unlikely.hash_lms_node
                0x0000000000003ce8       0xa6 build/avr-lms-w8/lms.o
 .text.read_part
                0x0000000000003d8e       0x40 build/avr-lms-w8/lms.o
 .text.npq_lms_sha256_m32_h5_verify_stream
                0x0000000000003dce      0x6b6 build/avr-lms-w8/lms.o
                0x0000000000003dce                npq_lms_sha256_m32_h5_verify_stream
 .text.libgcc.div
                0x0000000000004484       0x18 /tmp/c0-toolchain/node_modules/quirkbot-avr-gcc/tools/avr/bin/../lib/gcc/avr/7.3.0/avr5/libgcc.a(_udivmodqi4.o)
                0x0000000000004484                __udivmodqi4
 .text.libgcc.div
                0x000000000000449c       0x28 /tmp/c0-toolchain/node_modules/quirkbot-avr-gcc/tools/avr/bin/../lib/gcc/avr/7.3.0/avr5/libgcc.a(_udivmodhi4.o)
                0x000000000000449c                __udivmodhi4
 .text.libgcc.builtins
                0x00000000000044c4        0xe /tmp/c0-toolchain/node_modules/quirkbot-avr-gcc/tools/avr/bin/../lib/gcc/avr/7.3.0/avr5/libgcc.a(_bswapsi2.o)
                0x00000000000044c4                __bswapsi2
 .text.libgcc.builtins
                0x00000000000044d2       0x32 /tmp/c0-toolchain/node_modules/quirkbot-avr-gcc/tools/avr/bin/../lib/gcc/avr/7.3.0/avr5/libgcc.a(_ashldi3.o)
                0x00000000000044d2                __ashldi3
 .text.libgcc.builtins
                0x0000000000004504       0x3a /tmp/c0-toolchain/node_modules/quirkbot-avr-gcc/tools/avr/bin/../lib/gcc/avr/7.3.0/avr5/libgcc.a(_ashrdi3.o)
                0x0000000000004504                __ashrdi3
                0x0000000000004508                __lshrdi3
 .text.libgcc.builtins
                0x000000000000453e       0x36 /tmp/c0-toolchain/node_modules/quirkbot-avr-gcc/tools/avr/bin/../lib/gcc/avr/7.3.0/avr5/libgcc.a(_rotldi3.o)
                0x000000000000453e                __rotldi3
 .text.avr-libc
                0x0000000000004574       0x12 /tmp/c0-toolchain/node_modules/quirkbot-avr-gcc/tools/avr/bin/../lib/gcc/avr/7.3.0/../../../../avr/lib/avr5/libc.a(memcpy.o)
                0x0000000000004574                memcpy
 .text.avr-libc
                0x0000000000004586        0xe /tmp/c0-toolchain/node_modules/quirkbot-avr-gcc/tools/avr/bin/../lib/gcc/avr/7.3.0/../../../../avr/lib/avr5/libc.a(memset.o)
                0x0000000000004586                memset
 .text.avr-libc
                0x0000000000004594       0x20 /tmp/c0-toolchain/node_modules/quirkbot-avr-gcc/tools/avr/bin/../lib/gcc/avr/7.3.0/../../../../avr/lib/avr5/libatmega328p.a(eerd_block.o)
                0x0000000000004594                eeprom_read_block
                0x0000000000004598                eeprom_read_blraw
 .text.avr-libc
                0x00000000000045b4       0x20 /tmp/c0-toolchain/node_modules/quirkbot-avr-gcc/tools/avr/bin/../lib/gcc/avr/7.3.0/../../../../avr/lib/avr5/libatmega328p.a(eeupd_block.o)
                0x00000000000045b4                eeprom_update_block
 .text.avr-libc
                0x00000000000045d4       0x24 /tmp/c0-toolchain/node_modules/quirkbot-avr-gcc/tools/avr/bin/../lib/gcc/avr/7.3.0/../../../../avr/lib/avr5/libatmega328p.a(eeupd_byte.o)
                0x00000000000045d4                eeprom_update_byte
                0x00000000000045d6                eeprom_update_r18
 .text.avr-libc
                0x00000000000045f8        0xc /tmp/c0-toolchain/node_modules/quirkbot-avr-gcc/tools/avr/bin/../lib/gcc/avr/7.3.0/../../../../avr/lib/avr5/libatmega328p.a(eeupd_word.o)
                0x00000000000045f8                eeprom_update_word
                0x0000000000004604                . = ALIGN (0x2)
 *(.fini9)
 .fini9         0x0000000000004604        0x0 /tmp/c0-toolchain/node_modules/quirkbot-avr-gcc/tools/avr/bin/../lib/gcc/avr/7.3.0/avr5/libgcc.a(_exit.o)
                0x0000000000004604                exit
                0x0000000000004604                _exit
 *(.fini9)
 *(.fini8)
 *(.fini8)
 *(.fini7)
 *(.fini7)
 *(.fini6)
 *(.fini6)
 *(.fini5)
 *(.fini5)
 *(.fini4)
 *(.fini4)
 *(.fini3)
 *(.fini3)
 *(.fini2)
 *(.fini2)
 *(.fini1)
 *(.fini1)
 *(.fini0)
 .fini0         0x0000000000004604        0x4 /tmp/c0-toolchain/node_modules/quirkbot-avr-gcc/tools/avr/bin/../lib/gcc/avr/7.3.0/avr5/libgcc.a(_exit.o)
 *(.fini0)
                0x0000000000004608                _etext = .

.data           0x0000000000800100      0x104 load address 0x0000000000004608
                0x0000000000800100                PROVIDE (__data_start, .)
 *(.data)
 *(.data*)
 *(.gnu.linkonce.d*)
 *(.rodata)
 *(.rodata*)
 .rodata.ratchet_material.str1.1
                0x0000000000800100       0x23 build/avr-lms-w8/protocol.o
 .rodata.npq_make_hello.str1.1
                0x0000000000800123       0x1f build/avr-lms-w8/protocol.o
 .rodata.npq_make_challenge.str1.1
                0x0000000000800142       0x21 build/avr-lms-w8/protocol.o
 .rodata.npq_derive_session.str1.1
                0x0000000000800163       0x39 build/avr-lms-w8/protocol.o
 .rodata.npq_make_finished.str1.1
                0x000000000080019c       0x52 build/avr-lms-w8/protocol.o
 .rodata.domain.1792
                0x00000000008001ee       0x11 build/avr-lms-w8/protocol.o
 .rodata.d_public.1744
                0x00000000008001ff        0x2 build/avr-lms-w8/lms.o
 .rodata.d_message.1743
                0x0000000000800201        0x2 build/avr-lms-w8/lms.o
 *(.gnu.linkonce.r*)
                0x0000000000800204                . = ALIGN (0x2)
 *fill*         0x0000000000800203        0x1 
                0x0000000000800204                _edata = .
                0x0000000000800204                PROVIDE (__data_end, .)

.bss            0x0000000000800204      0x147
                0x0000000000800204                PROVIDE (__bss_start, .)
 *(.bss)
 *(.bss*)
 .bss.npq_plaintext
                0x0000000000800204       0x18 build/avr-lms-w8/main.o
 .bss.npq_frame
                0x000000000080021c       0x40 build/avr-lms-w8/main.o
 .bss.npq_challenge
                0x000000000080025c       0x3c build/avr-lms-w8/main.o
 .bss.npq_hello
                0x0000000000800298       0x30 build/avr-lms-w8/main.o
 .bss.npq_live_session
                0x00000000008002c8       0x71 build/avr-lms-w8/main.o
 .bss.npq_state
                0x0000000000800339       0x12 build/avr-lms-w8/main.o
 *(COMMON)
                0x000000000080034b                PROVIDE (__bss_end, .)
                0x0000000000004608                __data_load_start = LOADADDR (.data)
                0x000000000000470c                __data_load_end = (__data_load_start + SIZEOF (.data))

.noinit         0x000000000080034b        0x0
                [!provide]                        PROVIDE (__noinit_start, .)
 *(.noinit*)
                [!provide]                        PROVIDE (__noinit_end, .)
                0x000000000080034b                _end = .
                [!provide]                        PROVIDE (__heap_start, .)

.eeprom         0x0000000000810000       0x24
 *(.eeprom*)
 .eeprom        0x0000000000810000       0x24 build/avr-lms-w8/main.o
                0x0000000000810024                __eeprom_end = .

.fuse
 *(.fuse)
 *(.lfuse)
 *(.hfuse)
 *(.efuse)

.lock
 *(.lock*)

.signature
 *(.signature*)

.user_signatures
 *(.user_signatures*)

.stab
 *(.stab)

.stabstr
 *(.stabstr)

.stab.excl
 *(.stab.excl)

.stab.exclstr
 *(.stab.exclstr)

.stab.index
 *(.stab.index)

.stab.indexstr
 *(.stab.indexstr)

.comment        0x0000000000000000       0x11
 *(.comment)
 .comment       0x0000000000000000       0x11 build/avr-lms-w8/main.o
                                         0x12 (size before relaxing)
 .comment       0x0000000000000011       0x12 build/avr-lms-w8/common.o
 .comment       0x0000000000000011       0x12 build/avr-lms-w8/sha256.o
 .comment       0x0000000000000011       0x12 build/avr-lms-w8/ascon_aead128.o
 .comment       0x0000000000000011       0x12 build/avr-lms-w8/protocol.o
 .comment       0x0000000000000011       0x12 build/avr-lms-w8/lms.o

.note.gnu.avr.deviceinfo
                0x0000000000000000       0x40
 .note.gnu.avr.deviceinfo
                0x0000000000000000       0x40 /tmp/c0-toolchain/node_modules/quirkbot-avr-gcc/tools/avr/bin/../lib/gcc/avr/7.3.0/../../../../avr/lib/avr5/crtatmega328p.o

.note.gnu.build-id
 *(.note.gnu.build-id)

.debug
 *(.debug)

.line
 *(.line)

.debug_srcinfo
 *(.debug_srcinfo)

.debug_sfnames
 *(.debug_sfnames)

.debug_aranges  0x0000000000000000      0x120
 *(.debug_aranges)
 .debug_aranges
                0x0000000000000000       0x20 /tmp/c0-toolchain/node_modules/quirkbot-avr-gcc/tools/avr/bin/../lib/gcc/avr/7.3.0/avr5/libgcc.a(_udivmodqi4.o)
 .debug_aranges
                0x0000000000000020       0x20 /tmp/c0-toolchain/node_modules/quirkbot-avr-gcc/tools/avr/bin/../lib/gcc/avr/7.3.0/avr5/libgcc.a(_udivmodhi4.o)
 .debug_aranges
                0x0000000000000040       0x20 /tmp/c0-toolchain/node_modules/quirkbot-avr-gcc/tools/avr/bin/../lib/gcc/avr/7.3.0/avr5/libgcc.a(_exit.o)
 .debug_aranges
                0x0000000000000060       0x20 /tmp/c0-toolchain/node_modules/quirkbot-avr-gcc/tools/avr/bin/../lib/gcc/avr/7.3.0/avr5/libgcc.a(_copy_data.o)
 .debug_aranges
                0x0000000000000080       0x20 /tmp/c0-toolchain/node_modules/quirkbot-avr-gcc/tools/avr/bin/../lib/gcc/avr/7.3.0/avr5/libgcc.a(_clear_bss.o)
 .debug_aranges
                0x00000000000000a0       0x20 /tmp/c0-toolchain/node_modules/quirkbot-avr-gcc/tools/avr/bin/../lib/gcc/avr/7.3.0/avr5/libgcc.a(_bswapsi2.o)
 .debug_aranges
                0x00000000000000c0       0x20 /tmp/c0-toolchain/node_modules/quirkbot-avr-gcc/tools/avr/bin/../lib/gcc/avr/7.3.0/avr5/libgcc.a(_ashldi3.o)
 .debug_aranges
                0x00000000000000e0       0x20 /tmp/c0-toolchain/node_modules/quirkbot-avr-gcc/tools/avr/bin/../lib/gcc/avr/7.3.0/avr5/libgcc.a(_ashrdi3.o)
 .debug_aranges
                0x0000000000000100       0x20 /tmp/c0-toolchain/node_modules/quirkbot-avr-gcc/tools/avr/bin/../lib/gcc/avr/7.3.0/avr5/libgcc.a(_rotldi3.o)

.debug_pubnames
 *(.debug_pubnames)

.debug_info     0x0000000000000000      0xbf7
 *(.debug_info .gnu.linkonce.wi.*)
 .debug_info    0x0000000000000000      0x5f4 /tmp/c0-toolchain/node_modules/quirkbot-avr-gcc/tools/avr/bin/../lib/gcc/avr/7.3.0/../../../../avr/lib/avr5/crtatmega328p.o
 .debug_info    0x00000000000005f4       0xab /tmp/c0-toolchain/node_modules/quirkbot-avr-gcc/tools/avr/bin/../lib/gcc/avr/7.3.0/avr5/libgcc.a(_udivmodqi4.o)
 .debug_info    0x000000000000069f       0xab /tmp/c0-toolchain/node_modules/quirkbot-avr-gcc/tools/avr/bin/../lib/gcc/avr/7.3.0/avr5/libgcc.a(_udivmodhi4.o)
 .debug_info    0x000000000000074a       0xab /tmp/c0-toolchain/node_modules/quirkbot-avr-gcc/tools/avr/bin/../lib/gcc/avr/7.3.0/avr5/libgcc.a(_exit.o)
 .debug_info    0x00000000000007f5       0xab /tmp/c0-toolchain/node_modules/quirkbot-avr-gcc/tools/avr/bin/../lib/gcc/avr/7.3.0/avr5/libgcc.a(_copy_data.o)
 .debug_info    0x00000000000008a0       0xab /tmp/c0-toolchain/node_modules/quirkbot-avr-gcc/tools/avr/bin/../lib/gcc/avr/7.3.0/avr5/libgcc.a(_clear_bss.o)
 .debug_info    0x000000000000094b       0xab /tmp/c0-toolchain/node_modules/quirkbot-avr-gcc/tools/avr/bin/../lib/gcc/avr/7.3.0/avr5/libgcc.a(_bswapsi2.o)
 .debug_info    0x00000000000009f6       0xab /tmp/c0-toolchain/node_modules/quirkbot-avr-gcc/tools/avr/bin/../lib/gcc/avr/7.3.0/avr5/libgcc.a(_ashldi3.o)
 .debug_info    0x0000000000000aa1       0xab /tmp/c0-toolchain/node_modules/quirkbot-avr-gcc/tools/avr/bin/../lib/gcc/avr/7.3.0/avr5/libgcc.a(_ashrdi3.o)
 .debug_info    0x0000000000000b4c       0xab /tmp/c0-toolchain/node_modules/quirkbot-avr-gcc/tools/avr/bin/../lib/gcc/avr/7.3.0/avr5/libgcc.a(_rotldi3.o)

.debug_abbrev   0x0000000000000000      0x656
 *(.debug_abbrev)
 .debug_abbrev  0x0000000000000000      0x5a2 /tmp/c0-toolchain/node_modules/quirkbot-avr-gcc/tools/avr/bin/../lib/gcc/avr/7.3.0/../../../../avr/lib/avr5/crtatmega328p.o
 .debug_abbrev  0x00000000000005a2       0x14 /tmp/c0-toolchain/node_modules/quirkbot-avr-gcc/tools/avr/bin/../lib/gcc/avr/7.3.0/avr5/libgcc.a(_udivmodqi4.o)
 .debug_abbrev  0x00000000000005b6       0x14 /tmp/c0-toolchain/node_modules/quirkbot-avr-gcc/tools/avr/bin/../lib/gcc/avr/7.3.0/avr5/libgcc.a(_udivmodhi4.o)
 .debug_abbrev  0x00000000000005ca       0x14 /tmp/c0-toolchain/node_modules/quirkbot-avr-gcc/tools/avr/bin/../lib/gcc/avr/7.3.0/avr5/libgcc.a(_exit.o)
 .debug_abbrev  0x00000000000005de       0x14 /tmp/c0-toolchain/node_modules/quirkbot-avr-gcc/tools/avr/bin/../lib/gcc/avr/7.3.0/avr5/libgcc.a(_copy_data.o)
 .debug_abbrev  0x00000000000005f2       0x14 /tmp/c0-toolchain/node_modules/quirkbot-avr-gcc/tools/avr/bin/../lib/gcc/avr/7.3.0/avr5/libgcc.a(_clear_bss.o)
 .debug_abbrev  0x0000000000000606       0x14 /tmp/c0-toolchain/node_modules/quirkbot-avr-gcc/tools/avr/bin/../lib/gcc/avr/7.3.0/avr5/libgcc.a(_bswapsi2.o)
 .debug_abbrev  0x000000000000061a       0x14 /tmp/c0-toolchain/node_modules/quirkbot-avr-gcc/tools/avr/bin/../lib/gcc/avr/7.3.0/avr5/libgcc.a(_ashldi3.o)
 .debug_abbrev  0x000000000000062e       0x14 /tmp/c0-toolchain/node_modules/quirkbot-avr-gcc/tools/avr/bin/../lib/gcc/avr/7.3.0/avr5/libgcc.a(_ashrdi3.o)
 .debug_abbrev  0x0000000000000642       0x14 /tmp/c0-toolchain/node_modules/quirkbot-avr-gcc/tools/avr/bin/../lib/gcc/avr/7.3.0/avr5/libgcc.a(_rotldi3.o)

.debug_line     0x0000000000000000      0x656
 *(.debug_line .debug_line.* .debug_line_end)
 .debug_line    0x0000000000000000       0x1a /tmp/c0-toolchain/node_modules/quirkbot-avr-gcc/tools/avr/bin/../lib/gcc/avr/7.3.0/../../../../avr/lib/avr5/crtatmega328p.o
 .debug_line    0x000000000000001a       0x9e /tmp/c0-toolchain/node_modules/quirkbot-avr-gcc/tools/avr/bin/../lib/gcc/avr/7.3.0/avr5/libgcc.a(_udivmodqi4.o)
 .debug_line    0x00000000000000b8       0xce /tmp/c0-toolchain/node_modules/quirkbot-avr-gcc/tools/avr/bin/../lib/gcc/avr/7.3.0/avr5/libgcc.a(_udivmodhi4.o)
 .debug_line    0x0000000000000186       0x62 /tmp/c0-toolchain/node_modules/quirkbot-avr-gcc/tools/avr/bin/../lib/gcc/avr/7.3.0/avr5/libgcc.a(_exit.o)
 .debug_line    0x00000000000001e8       0x98 /tmp/c0-toolchain/node_modules/quirkbot-avr-gcc/tools/avr/bin/../lib/gcc/avr/7.3.0/avr5/libgcc.a(_copy_data.o)
 .debug_line    0x0000000000000280       0x86 /tmp/c0-toolchain/node_modules/quirkbot-avr-gcc/tools/avr/bin/../lib/gcc/avr/7.3.0/avr5/libgcc.a(_clear_bss.o)
 .debug_line    0x0000000000000306       0x68 /tmp/c0-toolchain/node_modules/quirkbot-avr-gcc/tools/avr/bin/../lib/gcc/avr/7.3.0/avr5/libgcc.a(_bswapsi2.o)
 .debug_line    0x000000000000036e       0xec /tmp/c0-toolchain/node_modules/quirkbot-avr-gcc/tools/avr/bin/../lib/gcc/avr/7.3.0/avr5/libgcc.a(_ashldi3.o)
 .debug_line    0x000000000000045a      0x104 /tmp/c0-toolchain/node_modules/quirkbot-avr-gcc/tools/avr/bin/../lib/gcc/avr/7.3.0/avr5/libgcc.a(_ashrdi3.o)
 .debug_line    0x000000000000055e       0xf8 /tmp/c0-toolchain/node_modules/quirkbot-avr-gcc/tools/avr/bin/../lib/gcc/avr/7.3.0/avr5/libgcc.a(_rotldi3.o)

.debug_frame
 *(.debug_frame)

.debug_str      0x0000000000000000      0x208
 *(.debug_str)
 .debug_str     0x0000000000000000      0x208 /tmp/c0-toolchain/node_modules/quirkbot-avr-gcc/tools/avr/bin/../lib/gcc/avr/7.3.0/../../../../avr/lib/avr5/crtatmega328p.o

.debug_loc
 *(.debug_loc)

.debug_macinfo
 *(.debug_macinfo)

.debug_weaknames
 *(.debug_weaknames)

.debug_funcnames
 *(.debug_funcnames)

.debug_typenames
 *(.debug_typenames)

.debug_varnames
 *(.debug_varnames)

.debug_pubtypes
 *(.debug_pubtypes)

.debug_ranges
 *(.debug_ranges)

.debug_macro
 *(.debug_macro)
OUTPUT(build/avr-lms-w8/nanopq.elf elf32-avr)
LOAD linker stubs
