Archive member included to satisfy reference by file (symbol)

/tmp/c0-toolchain/node_modules/quirkbot-avr-gcc/tools/avr/bin/../lib/gcc/avr/7.3.0/avr5/libgcc.a(_mulsi3.o)
                              /workspace/scratch/bcea6ddd0221/C0-PQLink/build/avr-nano-current/mlkem512_stream.o (__mulsi3)
/tmp/c0-toolchain/node_modules/quirkbot-avr-gcc/tools/avr/bin/../lib/gcc/avr/7.3.0/avr5/libgcc.a(_udivmodhi4.o)
                              /workspace/scratch/bcea6ddd0221/C0-PQLink/build/avr-nano-current/keccak.o (__udivmodhi4)
/tmp/c0-toolchain/node_modules/quirkbot-avr-gcc/tools/avr/bin/../lib/gcc/avr/7.3.0/avr5/libgcc.a(_exit.o)
                              /tmp/c0-toolchain/node_modules/quirkbot-avr-gcc/tools/avr/bin/../lib/gcc/avr/7.3.0/../../../../avr/lib/avr5/crtatmega328p.o (exit)
/tmp/c0-toolchain/node_modules/quirkbot-avr-gcc/tools/avr/bin/../lib/gcc/avr/7.3.0/avr5/libgcc.a(_copy_data.o)
                              /workspace/scratch/bcea6ddd0221/C0-PQLink/build/avr-nano-current/crypto.o (__do_copy_data)
/tmp/c0-toolchain/node_modules/quirkbot-avr-gcc/tools/avr/bin/../lib/gcc/avr/7.3.0/avr5/libgcc.a(_clear_bss.o)
                              /workspace/scratch/bcea6ddd0221/C0-PQLink/build/avr-nano-current/LiveSensorClient.o (__do_clear_bss)
/tmp/c0-toolchain/node_modules/quirkbot-avr-gcc/tools/avr/bin/../lib/gcc/avr/7.3.0/avr5/libgcc.a(_ctors.o)
                              /workspace/scratch/bcea6ddd0221/C0-PQLink/build/avr-nano-current/LiveSensorClient.o (__do_global_ctors)
/tmp/c0-toolchain/node_modules/quirkbot-avr-gcc/tools/avr/bin/../lib/gcc/avr/7.3.0/avr5/libgcc.a(_bswapsi2.o)
                              /workspace/scratch/bcea6ddd0221/C0-PQLink/build/avr-nano-current/sha256.o (__bswapsi2)
/tmp/c0-toolchain/node_modules/quirkbot-avr-gcc/tools/avr/bin/../lib/gcc/avr/7.3.0/avr5/libgcc.a(_muluhisi3.o)
                              /tmp/c0-toolchain/node_modules/quirkbot-avr-gcc/tools/avr/bin/../lib/gcc/avr/7.3.0/avr5/libgcc.a(_mulsi3.o) (__muluhisi3)
/tmp/c0-toolchain/node_modules/quirkbot-avr-gcc/tools/avr/bin/../lib/gcc/avr/7.3.0/avr5/libgcc.a(_muldi3.o)
                              /workspace/scratch/bcea6ddd0221/C0-PQLink/build/avr-nano-current/mlkem512_stream.o (__muldi3)
/tmp/c0-toolchain/node_modules/quirkbot-avr-gcc/tools/avr/bin/../lib/gcc/avr/7.3.0/avr5/libgcc.a(_muldi3_6.o)
                              /tmp/c0-toolchain/node_modules/quirkbot-avr-gcc/tools/avr/bin/../lib/gcc/avr/7.3.0/avr5/libgcc.a(_muldi3.o) (__muldi3_6)
/tmp/c0-toolchain/node_modules/quirkbot-avr-gcc/tools/avr/bin/../lib/gcc/avr/7.3.0/avr5/libgcc.a(_ashldi3.o)
                              /workspace/scratch/bcea6ddd0221/C0-PQLink/build/avr-nano-current/keccak.o (__ashldi3)
/tmp/c0-toolchain/node_modules/quirkbot-avr-gcc/tools/avr/bin/../lib/gcc/avr/7.3.0/avr5/libgcc.a(_ashrdi3.o)
                              /workspace/scratch/bcea6ddd0221/C0-PQLink/build/avr-nano-current/keccak.o (__lshrdi3)
/tmp/c0-toolchain/node_modules/quirkbot-avr-gcc/tools/avr/bin/../lib/gcc/avr/7.3.0/avr5/libgcc.a(_rotldi3.o)
                              /workspace/scratch/bcea6ddd0221/C0-PQLink/build/avr-nano-current/keccak.o (__rotldi3)
/tmp/c0-toolchain/node_modules/quirkbot-avr-gcc/tools/avr/bin/../lib/gcc/avr/7.3.0/avr5/libgcc.a(_adddi3.o)
                              /workspace/scratch/bcea6ddd0221/C0-PQLink/build/avr-nano-current/sha256.o (__adddi3)
/tmp/c0-toolchain/node_modules/quirkbot-avr-gcc/tools/avr/bin/../lib/gcc/avr/7.3.0/avr5/libgcc.a(_adddi3_s8.o)
                              /workspace/scratch/bcea6ddd0221/C0-PQLink/build/avr-nano-current/ratchet.o (__adddi3_s8)
/tmp/c0-toolchain/node_modules/quirkbot-avr-gcc/tools/avr/bin/../lib/gcc/avr/7.3.0/avr5/libgcc.a(_cmpdi2.o)
                              /workspace/scratch/bcea6ddd0221/C0-PQLink/build/avr-nano-current/fragment.o (__cmpdi2)
/tmp/c0-toolchain/node_modules/quirkbot-avr-gcc/tools/avr/bin/../lib/gcc/avr/7.3.0/avr5/libgcc.a(_cmpdi2_s8.o)
                              /workspace/scratch/bcea6ddd0221/C0-PQLink/build/avr-nano-current/ratchet.o (__cmpdi2_s8)
/tmp/c0-toolchain/node_modules/quirkbot-avr-gcc/tools/avr/bin/../lib/gcc/avr/7.3.0/avr5/libgcc.a(_tablejump2.o)
                              /tmp/c0-toolchain/node_modules/quirkbot-avr-gcc/tools/avr/bin/../lib/gcc/avr/7.3.0/avr5/libgcc.a(_ctors.o) (__tablejump2__)
/tmp/c0-toolchain/node_modules/quirkbot-avr-gcc/tools/avr/bin/../lib/gcc/avr/7.3.0/avr5/libgcc.a(_umulhisi3.o)
                              /tmp/c0-toolchain/node_modules/quirkbot-avr-gcc/tools/avr/bin/../lib/gcc/avr/7.3.0/avr5/libgcc.a(_muluhisi3.o) (__umulhisi3)
/tmp/c0-toolchain/node_modules/quirkbot-avr-gcc/tools/avr/bin/../lib/gcc/avr/7.3.0/../../../../avr/lib/avr5/libc.a(malloc.o)
                              /tmp/c0-toolchain/node_modules/@horang-corp/avr-gcc-wasm/assets/objects/core_new.o (malloc)
/tmp/c0-toolchain/node_modules/quirkbot-avr-gcc/tools/avr/bin/../lib/gcc/avr/7.3.0/../../../../avr/lib/avr5/libc.a(memcpy.o)
[...]
Memory Configuration

Name             Origin             Length             Attributes
text             0x0000000000000000 0x0000000000020000 xr
data             0x0000000000800060 0x000000000000ffa0 rw !x
eeprom           0x0000000000810000 0x0000000000010000 rw !x
fuse             0x0000000000820000 0x0000000000000003 rw !x
lock             0x0000000000830000 0x0000000000000400 rw !x
signature        0x0000000000840000 0x0000000000000400 rw !x
user_signatures  0x0000000000850000 0x0000000000000400 rw !x
*default*        0x0000000000000000 0xffffffffffffffff

Linker script and memory map

Address of section .data set to 0x800100
LOAD /tmp/c0-toolchain/node_modules/quirkbot-avr-gcc/tools/avr/bin/../lib/gcc/avr/7.3.0/../../../../avr/lib/avr5/crtatmega328p.o
LOAD /workspace/scratch/bcea6ddd0221/C0-PQLink/build/avr-nano-current/keccak.o
LOAD /workspace/scratch/bcea6ddd0221/C0-PQLink/build/avr-nano-current/sha256.o
LOAD /workspace/scratch/bcea6ddd0221/C0-PQLink/build/avr-nano-current/mlkem512_stream.o
LOAD /workspace/scratch/bcea6ddd0221/C0-PQLink/build/avr-nano-current/ascon_aead128.o
LOAD /workspace/scratch/bcea6ddd0221/C0-PQLink/build/avr-nano-current/crypto.o
LOAD /workspace/scratch/bcea6ddd0221/C0-PQLink/build/avr-nano-current/preflight.o
LOAD /workspace/scratch/bcea6ddd0221/C0-PQLink/build/avr-nano-current/fragment.o
LOAD /workspace/scratch/bcea6ddd0221/C0-PQLink/build/avr-nano-current/ratchet.o
LOAD /workspace/scratch/bcea6ddd0221/C0-PQLink/build/avr-nano-current/migration.o
LOAD /workspace/scratch/bcea6ddd0221/C0-PQLink/build/avr-nano-current/C0PQLink.o
LOAD /workspace/scratch/bcea6ddd0221/C0-PQLink/build/avr-nano-current/LiveSensorClient.o
LOAD /tmp/c0-toolchain/node_modules/@horang-corp/avr-gcc-wasm/assets/objects/core_main.o
LOAD /tmp/c0-toolchain/node_modules/@horang-corp/avr-gcc-wasm/assets/objects/core_wiring.o
LOAD /tmp/c0-toolchain/node_modules/@horang-corp/avr-gcc-wasm/assets/objects/core_new.o
LOAD /tmp/c0-toolchain/node_modules/quirkbot-avr-gcc/tools/avr/bin/../lib/gcc/avr/7.3.0/avr5/libgcc.a
LOAD /tmp/c0-toolchain/node_modules/quirkbot-avr-gcc/tools/avr/bin/../lib/gcc/avr/7.3.0/../../../../avr/lib/avr5/libm.a
START GROUP
LOAD /tmp/c0-toolchain/node_modules/quirkbot-avr-gcc/tools/avr/bin/../lib/gcc/avr/7.3.0/avr5/libgcc.a
LOAD /tmp/c0-toolchain/node_modules/quirkbot-avr-gcc/tools/avr/bin/../lib/gcc/avr/7.3.0/../../../../avr/lib/avr5/libm.a
LOAD /tmp/c0-toolchain/node_modules/quirkbot-avr-gcc/tools/avr/bin/../lib/gcc/avr/7.3.0/../../../../avr/lib/avr5/libc.a
LOAD /tmp/c0-toolchain/node_modules/quirkbot-avr-gcc/tools/avr/bin/../lib/gcc/avr/7.3.0/../../../../avr/lib/avr5/libatmega328p.a
END GROUP
                0x0000000000020000                __TEXT_REGION_LENGTH__ = DEFINED (__TEXT_REGION_LENGTH__)?__TEXT_REGION_LENGTH__:0x20000
                0x000000000000ffa0                __DATA_REGION_LENGTH__ = DEFINED (__DATA_REGION_LENGTH__)?__DATA_REGION_LENGTH__:0xffa0
                0x0000000000010000                __EEPROM_REGION_LENGTH__ = DEFINED (__EEPROM_REGION_LENGTH__)?__EEPROM_REGION_LENGTH__:0x10000
                [0x0000000000000003]                __FUSE_REGION_LENGTH__ = DEFINED (__FUSE_REGION_LENGTH__)?__FUSE_REGION_LENGTH__:0x400
                0x0000000000000400                __LOCK_REGION_LENGTH__ = DEFINED (__LOCK_REGION_LENGTH__)?__LOCK_REGION_LENGTH__:0x400
                0x0000000000000400                __SIGNATURE_REGION_LENGTH__ = DEFINED (__SIGNATURE_REGION_LENGTH__)?__SIGNATURE_REGION_LENGTH__:0x400
                0x0000000000000400                __USER_SIGNATURE_REGION_LENGTH__ = DEFINED (__USER_SIGNATURE_REGION_LENGTH__)?__USER_SIGNATURE_REGION_LENGTH__:0x400

.hash
 *(.hash)

.dynsym
 *(.dynsym)

.dynstr
 *(.dynstr)

.gnu.version
 *(.gnu.version)

.gnu.version_d
 *(.gnu.version_d)

.gnu.version_r
 *(.gnu.version_r)

.rel.init
 *(.rel.init)

.rela.init
 *(.rela.init)

.rel.text
 *(.rel.text)
 *(.rel.text.*)
 *(.rel.gnu.linkonce.t*)

.rela.text
 *(.rela.text)
 *(.rela.text.*)
 *(.rela.gnu.linkonce.t*)

.rel.fini
 *(.rel.fini)

.rela.fini
 *(.rela.fini)

.rel.rodata
 *(.rel.rodata)
 *(.rel.rodata.*)
 *(.rel.gnu.linkonce.r*)

.rela.rodata
 *(.rela.rodata)
 *(.rela.rodata.*)
 *(.rela.gnu.linkonce.r*)

.rel.data
 *(.rel.data)
 *(.rel.data.*)
 *(.rel.gnu.linkonce.d*)

.rela.data
 *(.rela.data)
 *(.rela.data.*)
 *(.rela.gnu.linkonce.d*)

.rel.ctors
 *(.rel.ctors)

.rela.ctors
 *(.rela.ctors)

.rel.dtors
 *(.rel.dtors)

.rela.dtors
 *(.rela.dtors)

.rel.got
 *(.rel.got)

.rela.got
 *(.rela.got)

.rel.bss
 *(.rel.bss)

.rela.bss
 *(.rela.bss)

.rel.plt
 *(.rel.plt)

.rela.plt
 *(.rela.plt)

.text           0x0000000000000000     0x4d04
 *(.vectors)
 .vectors       0x0000000000000000       0x68 /tmp/c0-toolchain/node_modules/quirkbot-avr-gcc/tools/avr/bin/../lib/gcc/avr/7.3.0/../../../../avr/lib/avr5/crtatmega328p.o
                0x0000000000000000                __vectors
                0x0000000000000000                __vector_default
 *(.vectors)
 *(.progmem.gcc*)
                0x0000000000000068                . = ALIGN (0x2)
                0x0000000000000068                __trampolines_start = .
 *(.trampolines)
 .trampolines   0x0000000000000068        0x0 linker stubs
 *(.trampolines*)
                0x0000000000000068                __trampolines_end = .
 *libprintf_flt.a:*(.progmem.data)
 *libc.a:*(.progmem.data)
 *(.progmem*)
 .progmem.data.keccak_pi_lane
                0x0000000000000068       0x18 /workspace/scratch/bcea6ddd0221/C0-PQLink/build/avr-nano-current/keccak.o
 .progmem.data.keccak_rotation
                0x0000000000000080       0x18 /workspace/scratch/bcea6ddd0221/C0-PQLink/build/avr-nano-current/keccak.o
 .progmem.data.keccak_round_constants
                0x0000000000000098       0xc0 /workspace/scratch/bcea6ddd0221/C0-PQLink/build/avr-nano-current/keccak.o
 .progmem.data.round_constants
                0x0000000000000158      0x100 /workspace/scratch/bcea6ddd0221/C0-PQLink/build/avr-nano-current/sha256.o
 .progmem.data.zetas
                0x0000000000000258      0x100 /workspace/scratch/bcea6ddd0221/C0-PQLink/build/avr-nano-current/mlkem512_stream.o
                0x0000000000000358                . = ALIGN (0x2)
 *(.jumptables)
 *(.jumptables*)
 *(.lowtext)
 *(.lowtext*)
                0x0000000000000358                __ctors_start = .
 *(.ctors)
 .ctors         0x0000000000000358        0x2 /workspace/scratch/bcea6ddd0221/C0-PQLink/build/avr-nano-current/LiveSensorClient.o
                0x000000000000035a                __ctors_end = .
                0x000000000000035a                __dtors_start = .
 *(.dtors)
                0x000000000000035a                __dtors_end = .
 SORT(*)(.ctors)
 SORT(*)(.dtors)
 *(.init0)
 .init0         0x000000000000035a        0x0 /tmp/c0-toolchain/node_modules/quirkbot-avr-gcc/tools/avr/bin/../lib/gcc/avr/7.3.0/../../../../avr/lib/avr5/crtatmega328p.o
                0x000000000000035a                __init
 *(.init0)
 *(.init1)
 *(.init1)
 *(.init2)
 .init2         0x000000000000035a        0xc /tmp/c0-toolchain/node_modules/quirkbot-avr-gcc/tools/avr/bin/../lib/gcc/avr/7.3.0/../../../../avr/lib/avr5/crtatmega328p.o
 *(.init2)
 *(.init3)
 *(.init3)
 *(.init4)
 .init4         0x0000000000000366       0x16 /tmp/c0-toolchain/node_modules/quirkbot-avr-gcc/tools/avr/bin/../lib/gcc/avr/7.3.0/avr5/libgcc.a(_copy_data.o)
                0x0000000000000366                __do_copy_data
 .init4         0x000000000000037c       0x10 /tmp/c0-toolchain/node_modules/quirkbot-avr-gcc/tools/avr/bin/../lib/gcc/avr/7.3.0/avr5/libgcc.a(_clear_bss.o)
                0x000000000000037c                __do_clear_bss
 *(.init4)
 *(.init5)
 *(.init5)
 *(.init6)
 .init6         0x000000000000038c       0x16 /tmp/c0-toolchain/node_modules/quirkbot-avr-gcc/tools/avr/bin/../lib/gcc/avr/7.3.0/avr5/libgcc.a(_ctors.o)
                0x000000000000038c                __do_global_ctors
 *(.init6)
 *(.init7)
 *(.init7)
 *(.init8)
 *(.init8)
 *(.init9)
 .init9         0x00000000000003a2        0x8 /tmp/c0-toolchain/node_modules/quirkbot-avr-gcc/tools/avr/bin/../lib/gcc/avr/7.3.0/../../../../avr/lib/avr5/crtatmega328p.o
 *(.init9)
 *(.text)
 .text          0x00000000000003aa        0x4 /tmp/c0-toolchain/node_modules/quirkbot-avr-gcc/tools/avr/bin/../lib/gcc/avr/7.3.0/../../../../avr/lib/avr5/crtatmega328p.o
                0x00000000000003aa                __vector_22
                0x00000000000003aa                __vector_1
                0x00000000000003aa                __vector_24
                0x00000000000003aa                __vector_12
                0x00000000000003aa                __bad_interrupt
                0x00000000000003aa                __vector_6
                0x00000000000003aa                __vector_3
                0x00000000000003aa                __vector_23
                0x00000000000003aa                __vector_25
                0x00000000000003aa                __vector_11
                0x00000000000003aa                __vector_13
                0x00000000000003aa                __vector_17
                0x00000000000003aa                __vector_19
                0x00000000000003aa                __vector_7
                0x00000000000003aa                __vector_5
                0x00000000000003aa                __vector_4
                0x00000000000003aa                __vector_9
                0x00000000000003aa                __vector_2
                0x00000000000003aa                __vector_21
                0x00000000000003aa                __vector_15
                0x00000000000003aa                __vector_8
                0x00000000000003aa                __vector_14
                0x00000000000003aa                __vector_10
                0x00000000000003aa                __vector_18
                0x00000000000003aa                __vector_20
                0x00000000000003ae                . = ALIGN (0x2)
 *(.text.*)
 .text.keccak_f1600
                0x00000000000003ae      0x5e6 /workspace/scratch/bcea6ddd0221/C0-PQLink/build/avr-nano-current/keccak.o
 .text.c0_sha3_256_init
                0x0000000000000994       0x24 /workspace/scratch/bcea6ddd0221/C0-PQLink/build/avr-nano-current/keccak.o
                0x0000000000000994                c0_sha3_256_init
 .text.c0_sha3_512_init
                0x00000000000009b8       0x24 /workspace/scratch/bcea6ddd0221/C0-PQLink/build/avr-nano-current/keccak.o
                0x00000000000009b8                c0_sha3_512_init
 .text.c0_shake128_init
                0x00000000000009dc       0x24 /workspace/scratch/bcea6ddd0221/C0-PQLink/build/avr-nano-current/keccak.o
                0x00000000000009dc                c0_shake128_init
 .text.c0_shake256_init
                0x0000000000000a00       0x24 /workspace/scratch/bcea6ddd0221/C0-PQLink/build/avr-nano-current/keccak.o
                0x0000000000000a00                c0_shake256_init
 .text.c0_keccak_absorb
                0x0000000000000a24       0xf2 /workspace/scratch/bcea6ddd0221/C0-PQLink/build/avr-nano-current/keccak.o
                0x0000000000000a24                c0_keccak_absorb
 .text.c0_keccak_finalize
                0x0000000000000b16      0x11c /workspace/scratch/bcea6ddd0221/C0-PQLink/build/avr-nano-current/keccak.o
                0x0000000000000b16                c0_keccak_finalize
 .text.c0_keccak_squeeze
                0x0000000000000c32       0xbe /workspace/scratch/bcea6ddd0221/C0-PQLink/build/avr-nano-current/keccak.o
                0x0000000000000c32                c0_keccak_squeeze
 .text.sha256_transform
                0x0000000000000cf0      0x8d0 /workspace/scratch/bcea6ddd0221/C0-PQLink/build/avr-nano-current/sha256.o
 .text.c0_sha256_update.part.0
                0x00000000000015c0      0x122 /workspace/scratch/bcea6ddd0221/C0-PQLink/build/avr-nano-current/sha256.o
 .text.c0_sha256_init
                0x00000000000016e2       0xa8 /workspace/scratch/bcea6ddd0221/C0-PQLink/build/avr-nano-current/sha256.o
                0x00000000000016e2                c0_sha256_init
 .text.c0_sha256_update
                0x000000000000178a        0xc /workspace/scratch/bcea6ddd0221/C0-PQLink/build/avr-nano-current/sha256.o
                0x000000000000178a                c0_sha256_update
 .text.c0_sha256_final
                0x0000000000001796      0x146 /workspace/scratch/bcea6ddd0221/C0-PQLink/build/avr-nano-current/sha256.o
                0x0000000000001796                c0_sha256_final
 .text.c0_sha256
                0x00000000000018dc       0x66 /workspace/scratch/bcea6ddd0221/C0-PQLink/build/avr-nano-current/sha256.o
                0x00000000000018dc                c0_sha256
 .text.c0_hmac_sha256_init
                0x0000000000001942       0xe2 /workspace/scratch/bcea6ddd0221/C0-PQLink/build/avr-nano-current/sha256.o
                0x0000000000001942                c0_hmac_sha256_init
 .text.c0_hmac_sha256_update
                0x0000000000001a24        0x4 /workspace/scratch/bcea6ddd0221/C0-PQLink/build/avr-nano-current/sha256.o
                0x0000000000001a24                c0_hmac_sha256_update
 .text.c0_hmac_sha256_final
                0x0000000000001a28       0x96 /workspace/scratch/bcea6ddd0221/C0-PQLink/build/avr-nano-current/sha256.o
                0x0000000000001a28                c0_hmac_sha256_final
 .text.c0_hmac_sha256
                0x0000000000001abe       0x64 /workspace/scratch/bcea6ddd0221/C0-PQLink/build/avr-nano-current/sha256.o
                0x0000000000001abe                c0_hmac_sha256
 .text.c0_hkdf_sha256_extract
                0x0000000000001b22       0x24 /workspace/scratch/bcea6ddd0221/C0-PQLink/build/avr-nano-current/sha256.o
                0x0000000000001b22                c0_hkdf_sha256_extract
 .text.c0_hkdf_sha256_expand
                0x0000000000001b46      0x13e /workspace/scratch/bcea6ddd0221/C0-PQLink/build/avr-nano-current/sha256.o
                0x0000000000001b46                c0_hkdf_sha256_expand
 .text.multiply_s16_constant_schedule
                0x0000000000001c84       0xea /workspace/scratch/bcea6ddd0221/C0-PQLink/build/avr-nano-current/mlkem512_stream.o
 .text.barrett_reduce
                0x0000000000001d6e       0x38 /workspace/scratch/bcea6ddd0221/C0-PQLink/build/avr-nano-current/mlkem512_stream.o
 .text.fqmul    0x0000000000001da6       0x42 /workspace/scratch/bcea6ddd0221/C0-PQLink/build/avr-nano-current/mlkem512_stream.o
 .text.ntt      0x0000000000001de8      0x126 /workspace/scratch/bcea6ddd0221/C0-PQLink/build/avr-nano-current/mlkem512_stream.o
 .text.inverse_ntt
                0x0000000000001f0e      0x15e /workspace/scratch/bcea6ddd0221/C0-PQLink/build/avr-nano-current/mlkem512_stream.o
 .text.base_multiply_add
                0x000000000000206c       0x8e /workspace/scratch/bcea6ddd0221/C0-PQLink/build/avr-nano-current/mlkem512_stream.o
 .text.compress10
                0x00000000000020fa       0x88 /workspace/scratch/bcea6ddd0221/C0-PQLink/build/avr-nano-current/mlkem512_stream.o
 .text.sample_ntt_next
                0x0000000000002182       0x90 /workspace/scratch/bcea6ddd0221/C0-PQLink/build/avr-nano-current/mlkem512_stream.o
 .text.c0pqlink_secure_zero
                0x0000000000002212       0x14 /workspace/scratch/bcea6ddd0221/C0-PQLink/build/avr-nano-current/mlkem512_stream.o
                0x0000000000002212                c0pqlink_secure_zero
 .text.sample_cbd
                0x0000000000002226      0x1de /workspace/scratch/bcea6ddd0221/C0-PQLink/build/avr-nano-current/mlkem512_stream.o
 .text.c0pqlink_ct_equal
                0x0000000000002404       0x2a /workspace/scratch/bcea6ddd0221/C0-PQLink/build/avr-nano-current/mlkem512_stream.o
                0x0000000000002404                c0pqlink_ct_equal
 .text.c0_mlkem512_encapsulate_derand
                0x000000000000242e      0x88c /workspace/scratch/bcea6ddd0221/C0-PQLink/build/avr-nano-current/mlkem512_stream.o
                0x000000000000242e                c0_mlkem512_encapsulate_derand
 .text.c0_mlkem512_encapsulate
                0x0000000000002cba       0xc8 /workspace/scratch/bcea6ddd0221/C0-PQLink/build/avr-nano-current/mlkem512_stream.o
                0x0000000000002cba                c0_mlkem512_encapsulate
 .text.expand_text_label
                0x0000000000002d82       0xca /workspace/scratch/bcea6ddd0221/C0-PQLink/build/avr-nano-current/crypto.o
 .text.c0pq_store16_be
                0x0000000000002e4c        0x8 /workspace/scratch/bcea6ddd0221/C0-PQLink/build/avr-nano-current/crypto.o
                0x0000000000002e4c                c0pq_store16_be
 .text.c0pq_store32_be
                0x0000000000002e54        0xc /workspace/scratch/bcea6ddd0221/C0-PQLink/build/avr-nano-current/crypto.o
                0x0000000000002e54                c0pq_store32_be
 .text.c0pq_store64_be
                0x0000000000002e60       0x5c /workspace/scratch/bcea6ddd0221/C0-PQLink/build/avr-nano-current/crypto.o
                0x0000000000002e60                c0pq_store64_be
 .text.c0pq_load16_be
                0x0000000000002ebc        0xe /workspace/scratch/bcea6ddd0221/C0-PQLink/build/avr-nano-current/crypto.o
                0x0000000000002ebc                c0pq_load16_be
 .text.c0pq_load32_be
                0x0000000000002eca       0x10 /workspace/scratch/bcea6ddd0221/C0-PQLink/build/avr-nano-current/crypto.o
                0x0000000000002eca                c0pq_load32_be
 .text.c0pq_load64_be
                0x0000000000002eda       0x30 /workspace/scratch/bcea6ddd0221/C0-PQLink/build/avr-nano-current/crypto.o
                0x0000000000002eda                c0pq_load64_be
 .text.c0pq_auth_tag
                0x0000000000002f0a       0xb0 /workspace/scratch/bcea6ddd0221/C0-PQLink/build/avr-nano-current/crypto.o
                0x0000000000002f0a                c0pq_auth_tag
 .text.c0pq_verify_auth_tag
                0x0000000000002fba       0x68 /workspace/scratch/bcea6ddd0221/C0-PQLink/build/avr-nano-current/crypto.o
                0x0000000000002fba                c0pq_verify_auth_tag
 .text.c0pq_derive_hello_key
                0x0000000000003022       0x72 /workspace/scratch/bcea6ddd0221/C0-PQLink/build/avr-nano-current/crypto.o
                0x0000000000003022                c0pq_derive_hello_key
 .text.c0pq_derive_session_auth_key
                0x0000000000003094      0x15a /workspace/scratch/bcea6ddd0221/C0-PQLink/build/avr-nano-current/crypto.o
                0x0000000000003094                c0pq_derive_session_auth_key
 .text.c0pq_transcript_init
                0x00000000000031ee       0x1c /workspace/scratch/bcea6ddd0221/C0-PQLink/build/avr-nano-current/crypto.o
                0x00000000000031ee                c0pq_transcript_init
 .text.c0pq_transcript_add_hello
                0x000000000000320a        0x8 /workspace/scratch/bcea6ddd0221/C0-PQLink/build/avr-nano-current/crypto.o
                0x000000000000320a                c0pq_transcript_add_hello
 .text.c0pq_transcript_add_challenge
                0x0000000000003212        0x8 /workspace/scratch/bcea6ddd0221/C0-PQLink/build/avr-nano-current/crypto.o
                0x0000000000003212                c0pq_transcript_add_challenge
 .text.c0pq_derive_session_keys
                0x000000000000321a      0x1fa /workspace/scratch/bcea6ddd0221/C0-PQLink/build/avr-nano-current/crypto.o
                0x000000000000321a                c0pq_derive_session_keys
 .text.c0pq_finished_tag
                0x0000000000003414       0x8e /workspace/scratch/bcea6ddd0221/C0-PQLink/build/avr-nano-current/crypto.o
                0x0000000000003414                c0pq_finished_tag
 .text.c0pq_encode_header
                0x00000000000034a2       0x4e /workspace/scratch/bcea6ddd0221/C0-PQLink/build/avr-nano-current/preflight.o
                0x00000000000034a2                c0pq_encode_header
 .text.c0pq_decode_header
                0x00000000000034f0       0x74 /workspace/scratch/bcea6ddd0221/C0-PQLink/build/avr-nano-current/preflight.o
                0x00000000000034f0                c0pq_decode_header
 .text.c0pq_encode_hello
                0x0000000000003564      0x128 /workspace/scratch/bcea6ddd0221/C0-PQLink/build/avr-nano-current/preflight.o
                0x0000000000003564                c0pq_encode_hello
 .text.c0pq_decode_verify_challenge
                0x000000000000368c      0x1ba /workspace/scratch/bcea6ddd0221/C0-PQLink/build/avr-nano-current/preflight.o
                0x000000000000368c                c0pq_decode_verify_challenge
 .text.send_and_receive
                0x0000000000003846      0x14c /workspace/scratch/bcea6ddd0221/C0-PQLink/build/avr-nano-current/fragment.o
 .text.flush_ciphertext_fragment
                0x0000000000003992      0x18c /workspace/scratch/bcea6ddd0221/C0-PQLink/build/avr-nano-current/fragment.o
 .text.write_ciphertext
                0x0000000000003b1e       0xda /workspace/scratch/bcea6ddd0221/C0-PQLink/build/avr-nano-current/fragment.o
 .text.c0pq_client_init
                0x0000000000003bf8       0xd2 /workspace/scratch/bcea6ddd0221/C0-PQLink/build/avr-nano-current/fragment.o
                0x0000000000003bf8                c0pq_client_init
 .text.c0pq_client_connect
                0x0000000000003cca      0x772 /workspace/scratch/bcea6ddd0221/C0-PQLink/build/avr-nano-current/fragment.o
                0x0000000000003cca                c0pq_client_connect
 .text._ZN8C0PQLink6Client13readPublicKeyEPvj
                0x000000000000443c       0x18 /workspace/scratch/bcea6ddd0221/C0-PQLink/build/avr-nano-current/C0PQLink.o
                0x000000000000443c                _ZN8C0PQLink6Client13readPublicKeyEPvj
 .text._ZN8C0PQLink6Client10fillRandomEPvPhj
                0x0000000000004454       0x18 /workspace/scratch/bcea6ddd0221/C0-PQLink/build/avr-nano-current/C0PQLink.o
                0x0000000000004454                _ZN8C0PQLink6Client10fillRandomEPvPhj
 .text._ZN8C0PQLink6Client9sendFrameEPvPKhj
                0x000000000000446c       0x18 /workspace/scratch/bcea6ddd0221/C0-PQLink/build/avr-nano-current/C0PQLink.o
                0x000000000000446c                _ZN8C0PQLink6Client9sendFrameEPvPKhj
 .text._ZN8C0PQLink6Client12receiveFrameEPvPhjPjm
                0x0000000000004484       0x5a /workspace/scratch/bcea6ddd0221/C0-PQLink/build/avr-nano-current/C0PQLink.o
                0x0000000000004484                _ZN8C0PQLink6Client12receiveFrameEPvPhjPjm
 .text._ZN8C0PQLink6ClientC2Ev
                0x00000000000044de       0x22 /workspace/scratch/bcea6ddd0221/C0-PQLink/build/avr-nano-current/C0PQLink.o
                0x00000000000044de                _ZN8C0PQLink6ClientC2Ev
                0x00000000000044de                _ZN8C0PQLink6ClientC1Ev
 .text._ZN8C0PQLink6Client5beginEPKhS2_yS2_RNS_15PublicKeySourceERNS_12RandomSourceERNS_9TransportENS_11SessionModeEmh
                0x0000000000004500      0x148 /workspace/scratch/bcea6ddd0221/C0-PQLink/build/avr-nano-current/C0PQLink.o
                0x0000000000004500                _ZN8C0PQLink6Client5beginEPKhS2_yS2_RNS_15PublicKeySourceERNS_12RandomSourceERNS_9TransportENS_11SessionModeEmh
 .text._ZN8C0PQLink6Client7connectER21c0_mlkem512_workspace
                0x0000000000004648        0x4 /workspace/scratch/bcea6ddd0221/C0-PQLink/build/avr-nano-current/C0PQLink.o
                0x0000000000004648                _ZN8C0PQLink6Client7connectER21c0_mlkem512_workspace
 .text._ZN15DevicePublicKey4readEj
                0x000000000000464c        0x4 /workspace/scratch/bcea6ddd0221/C0-PQLink/build/avr-nano-current/LiveSensorClient.o
                0x000000000000464c                _ZN15DevicePublicKey4readEj
 .text._ZN15DeviceTransport4sendEPKhj
                0x0000000000004650        0x6 /workspace/scratch/bcea6ddd0221/C0-PQLink/build/avr-nano-current/LiveSensorClient.o
                0x0000000000004650                _ZN15DeviceTransport4sendEPKhj
 .text._ZN15DeviceTransport7receiveEPhjRjm
                0x0000000000004656        0xc /workspace/scratch/bcea6ddd0221/C0-PQLink/build/avr-nano-current/LiveSensorClient.o
                0x0000000000004656                _ZN15DeviceTransport7receiveEPhjRjm
 .text._ZN15DeviceTransportD2Ev
                0x0000000000004662        0x2 /workspace/scratch/bcea6ddd0221/C0-PQLink/build/avr-nano-current/LiveSensorClient.o
                0x0000000000004662                _ZN15DeviceTransportD1Ev
                0x0000000000004662                _ZN15DeviceTransportD2Ev
 .text._ZN12DeviceRandomD2Ev
                0x0000000000004664        0x2 /workspace/scratch/bcea6ddd0221/C0-PQLink/build/avr-nano-current/LiveSensorClient.o
                0x0000000000004664                _ZN12DeviceRandomD2Ev
                0x0000000000004664                _ZN12DeviceRandomD1Ev
 .text._ZN15DevicePublicKeyD2Ev
                0x0000000000004666        0x2 /workspace/scratch/bcea6ddd0221/C0-PQLink/build/avr-nano-current/LiveSensorClient.o
                0x0000000000004666                _ZN15DevicePublicKeyD1Ev
                0x0000000000004666                _ZN15DevicePublicKeyD2Ev
 .text._ZN12DeviceRandom4fillEPhj
                0x0000000000004668       0x10 /workspace/scratch/bcea6ddd0221/C0-PQLink/build/avr-nano-current/LiveSensorClient.o
                0x0000000000004668                _ZN12DeviceRandom4fillEPhj
 .text._ZN15DevicePublicKeyD0Ev
                0x0000000000004678        0x4 /workspace/scratch/bcea6ddd0221/C0-PQLink/build/avr-nano-current/LiveSensorClient.o
                0x0000000000004678                _ZN15DevicePublicKeyD0Ev
 .text._ZN12DeviceRandomD0Ev
                0x000000000000467c        0x4 /workspace/scratch/bcea6ddd0221/C0-PQLink/build/avr-nano-current/LiveSensorClient.o
                0x000000000000467c                _ZN12DeviceRandomD0Ev
 .text._ZN15DeviceTransportD0Ev
                0x0000000000004680        0x4 /workspace/scratch/bcea6ddd0221/C0-PQLink/build/avr-nano-current/LiveSensorClient.o
                0x0000000000004680                _ZN15DeviceTransportD0Ev
 .text.setup    0x0000000000004684       0xce /workspace/scratch/bcea6ddd0221/C0-PQLink/build/avr-nano-current/LiveSensorClient.o
                0x0000000000004684                setup
 .text.loop     0x0000000000004752        0x2 /workspace/scratch/bcea6ddd0221/C0-PQLink/build/avr-nano-current/LiveSensorClient.o
                0x0000000000004752                loop
 .text.startup._GLOBAL__sub_I_setup
                0x0000000000004754        0x8 /workspace/scratch/bcea6ddd0221/C0-PQLink/build/avr-nano-current/LiveSensorClient.o
 .text.initVariant
                0x000000000000475c        0x2 /tmp/c0-toolchain/node_modules/@horang-corp/avr-gcc-wasm/assets/objects/core_main.o
                0x000000000000475c                initVariant
 .text.startup.main
                0x000000000000475e       0x1e /tmp/c0-toolchain/node_modules/@horang-corp/avr-gcc-wasm/assets/objects/core_main.o
                0x000000000000475e                main
 .text.__vector_16
                0x000000000000477c       0x94 /tmp/c0-toolchain/node_modules/@horang-corp/avr-gcc-wasm/assets/objects/core_wiring.o
                0x000000000000477c                __vector_16
 .text.init     0x0000000000004810       0x76 /tmp/c0-toolchain/node_modules/@horang-corp/avr-gcc-wasm/assets/objects/core_wiring.o
                0x0000000000004810                init
 .text._ZdlPv   0x0000000000004886        0x4 /tmp/c0-toolchain/node_modules/@horang-corp/avr-gcc-wasm/assets/objects/core_new.o
                0x0000000000004886                _ZdlPv
 .text.libgcc.mul
                0x000000000000488a       0x20 /tmp/c0-toolchain/node_modules/quirkbot-avr-gcc/tools/avr/bin/../lib/gcc/avr/7.3.0/avr5/libgcc.a(_mulsi3.o)
                0x000000000000488a                __mulsi3
 .text.libgcc.div
                0x00000000000048aa       0x28 /tmp/c0-toolchain/node_modules/quirkbot-avr-gcc/tools/avr/bin/../lib/gcc/avr/7.3.0/avr5/libgcc.a(_udivmodhi4.o)
                0x00000000000048aa                __udivmodhi4
 .text.libgcc.builtins
                0x00000000000048d2        0xe /tmp/c0-toolchain/node_modules/quirkbot-avr-gcc/tools/avr/bin/../lib/gcc/avr/7.3.0/avr5/libgcc.a(_bswapsi2.o)
                0x00000000000048d2                __bswapsi2
 .text.libgcc.mul
                0x00000000000048e0       0x16 /tmp/c0-toolchain/node_modules/quirkbot-avr-gcc/tools/avr/bin/../lib/gcc/avr/7.3.0/avr5/libgcc.a(_muluhisi3.o)
                0x00000000000048e0                __muluhisi3
 .text.libgcc.mul
                0x00000000000048f6       0x9e /tmp/c0-toolchain/node_modules/quirkbot-avr-gcc/tools/avr/bin/../lib/gcc/avr/7.3.0/avr5/libgcc.a(_muldi3.o)
                0x00000000000048f6                __muldi3
 .text.libgcc.mul
                0x0000000000004994       0x12 /tmp/c0-toolchain/node_modules/quirkbot-avr-gcc/tools/avr/bin/../lib/gcc/avr/7.3.0/avr5/libgcc.a(_muldi3_6.o)
                0x0000000000004994                __muldi3_6
 .text.libgcc.builtins
                0x00000000000049a6       0x32 /tmp/c0-toolchain/node_modules/quirkbot-avr-gcc/tools/avr/bin/../lib/gcc/avr/7.3.0/avr5/libgcc.a(_ashldi3.o)
                0x00000000000049a6                __ashldi3
 .text.libgcc.builtins
                0x00000000000049d8       0x3a /tmp/c0-toolchain/node_modules/quirkbot-avr-gcc/tools/avr/bin/../lib/gcc/avr/7.3.0/avr5/libgcc.a(_ashrdi3.o)
                0x00000000000049d8                __ashrdi3
                0x00000000000049dc                __lshrdi3
 .text.libgcc.builtins
                0x0000000000004a12       0x36 /tmp/c0-toolchain/node_modules/quirkbot-avr-gcc/tools/avr/bin/../lib/gcc/avr/7.3.0/avr5/libgcc.a(_rotldi3.o)
                0x0000000000004a12                __rotldi3
 .text.libgcc   0x0000000000004a48       0x12 /tmp/c0-toolchain/node_modules/quirkbot-avr-gcc/tools/avr/bin/../lib/gcc/avr/7.3.0/avr5/libgcc.a(_adddi3.o)
                0x0000000000004a48                __adddi3
 .text.libgcc   0x0000000000004a5a       0x12 /tmp/c0-toolchain/node_modules/quirkbot-avr-gcc/tools/avr/bin/../lib/gcc/avr/7.3.0/avr5/libgcc.a(_cmpdi2.o)
                0x0000000000004a5a                __cmpdi2
 .text.libgcc   0x0000000000004a6c        0xc /tmp/c0-toolchain/node_modules/quirkbot-avr-gcc/tools/avr/bin/../lib/gcc/avr/7.3.0/avr5/libgcc.a(_tablejump2.o)
                0x0000000000004a6c                __tablejump2__
 .text.libgcc.mul
                0x0000000000004a78       0x1e /tmp/c0-toolchain/node_modules/quirkbot-avr-gcc/tools/avr/bin/../lib/gcc/avr/7.3.0/avr5/libgcc.a(_umulhisi3.o)
                0x0000000000004a78                __umulhisi3
 .text.avr-libc
                0x0000000000004a96      0x24a /tmp/c0-toolchain/node_modules/quirkbot-avr-gcc/tools/avr/bin/../lib/gcc/avr/7.3.0/../../../../avr/lib/avr5/libc.a(malloc.o)
                0x0000000000004a96                malloc
                0x0000000000004bce                free
 .text.avr-libc
                0x0000000000004ce0       0x12 /tmp/c0-toolchain/node_modules/quirkbot-avr-gcc/tools/avr/bin/../lib/gcc/avr/7.3.0/../../../../avr/lib/avr5/libc.a(memcpy.o)
                0x0000000000004ce0                memcpy
 .text.avr-libc
                0x0000000000004cf2        0xe /tmp/c0-toolchain/node_modules/quirkbot-avr-gcc/tools/avr/bin/../lib/gcc/avr/7.3.0/../../../../avr/lib/avr5/libc.a(memset.o)
                0x0000000000004cf2                memset
                0x0000000000004d00                . = ALIGN (0x2)
 *(.fini9)
 .fini9         0x0000000000004d00        0x0 /tmp/c0-toolchain/node_modules/quirkbot-avr-gcc/tools/avr/bin/../lib/gcc/avr/7.3.0/avr5/libgcc.a(_exit.o)
                0x0000000000004d00                exit
                0x0000000000004d00                _exit
 *(.fini9)
 *(.fini8)
 *(.fini8)
 *(.fini7)
 *(.fini7)
 *(.fini6)
 *(.fini6)
 *(.fini5)
 *(.fini5)
 *(.fini4)
 *(.fini4)
 *(.fini3)
 *(.fini3)
 *(.fini2)
 *(.fini2)
 *(.fini1)
 *(.fini1)
 *(.fini0)
 .fini0         0x0000000000004d00        0x4 /tmp/c0-toolchain/node_modules/quirkbot-avr-gcc/tools/avr/bin/../lib/gcc/avr/7.3.0/avr5/libgcc.a(_exit.o)
 *(.fini0)
                0x0000000000004d04                _etext = .

.data           0x0000000000800100      0x192 load address 0x0000000000004d04
                0x0000000000800100                PROVIDE (__data_start, .)
 *(.data)
 .data          0x0000000000800100        0x6 /tmp/c0-toolchain/node_modules/quirkbot-avr-gcc/tools/avr/bin/../lib/gcc/avr/7.3.0/../../../../avr/lib/avr5/libc.a(malloc.o)
                0x0000000000800100                __malloc_heap_end
                0x0000000000800102                __malloc_heap_start
                0x0000000000800104                __malloc_margin
 *(.data*)
 .data._ZL9transport
                0x0000000000800106        0x2 /workspace/scratch/bcea6ddd0221/C0-PQLink/build/avr-nano-current/LiveSensorClient.o
 .data._ZL12randomSource
                0x0000000000800108        0x2 /workspace/scratch/bcea6ddd0221/C0-PQLink/build/avr-nano-current/LiveSensorClient.o
 .data._ZL9publicKey
                0x000000000080010a        0x2 /workspace/scratch/bcea6ddd0221/C0-PQLink/build/avr-nano-current/LiveSensorClient.o
 *(.gnu.linkonce.d*)
 *(.rodata)
 *(.rodata*)
 .rodata.c0pq_derive_session_keys.str1.1
                0x000000000080010c       0xaa /workspace/scratch/bcea6ddd0221/C0-PQLink/build/avr-nano-current/crypto.o
 .rodata.c0pq_finished_tag.str1.1
                0x00000000008001b6       0x14 /workspace/scratch/bcea6ddd0221/C0-PQLink/build/avr-nano-current/crypto.o
 .rodata.derived_label.2048
                0x00000000008001ca        0xf /workspace/scratch/bcea6ddd0221/C0-PQLink/build/avr-nano-current/crypto.o
 .rodata.label.2027
                0x00000000008001d9       0x14 /workspace/scratch/bcea6ddd0221/C0-PQLink/build/avr-nano-current/crypto.o
 .rodata.label.2016
                0x00000000008001ed       0x11 /workspace/scratch/bcea6ddd0221/C0-PQLink/build/avr-nano-current/crypto.o
 .rodata.transcript_prefix
                0x00000000008001fe       0x11 /workspace/scratch/bcea6ddd0221/C0-PQLink/build/avr-nano-current/crypto.o
 .rodata.c0pq_encode_hello.str1.1
                0x000000000080020f       0x13 /workspace/scratch/bcea6ddd0221/C0-PQLink/build/avr-nano-current/preflight.o
 .rodata.c0pq_encode_challenge.str1.1
                0x0000000000800222       0x17 /workspace/scratch/bcea6ddd0221/C0-PQLink/build/avr-nano-current/preflight.o
 .rodata.flush_ciphertext_fragment.str1.1
                0x0000000000800239       0x31 /workspace/scratch/bcea6ddd0221/C0-PQLink/build/avr-nano-current/fragment.o
 .rodata._ZTV15DevicePublicKey
                0x000000000080026a        0xa /workspace/scratch/bcea6ddd0221/C0-PQLink/build/avr-nano-current/LiveSensorClient.o
                0x000000000080026a                _ZTV15DevicePublicKey
 .rodata._ZTV12DeviceRandom
                0x0000000000800274        0xa /workspace/scratch/bcea6ddd0221/C0-PQLink/build/avr-nano-current/LiveSensorClient.o
                0x0000000000800274                _ZTV12DeviceRandom
 .rodata._ZTV15DeviceTransport
                0x000000000080027e        0xc /workspace/scratch/bcea6ddd0221/C0-PQLink/build/avr-nano-current/LiveSensorClient.o
                0x000000000080027e                _ZTV15DeviceTransport
 .rodata._ZL8deviceId
                0x000000000080028a        0x8 /workspace/scratch/bcea6ddd0221/C0-PQLink/build/avr-nano-current/LiveSensorClient.o
 *(.gnu.linkonce.r*)
                0x0000000000800292                . = ALIGN (0x2)
                0x0000000000800292                _edata = .
                0x0000000000800292                PROVIDE (__data_end, .)

.bss            0x0000000000800292      0x64e
                0x0000000000800292                PROVIDE (__bss_start, .)
 *(.bss)
 *(.bss*)
 .bss._ZL11serverKeyId
                0x0000000000800292       0x10 /workspace/scratch/bcea6ddd0221/C0-PQLink/build/avr-nano-current/LiveSensorClient.o
 .bss._ZL9devicePsk
                0x00000000008002a2       0x20 /workspace/scratch/bcea6ddd0221/C0-PQLink/build/avr-nano-current/LiveSensorClient.o
 .bss._ZL11pqWorkspace
                0x00000000008002c2      0x540 /workspace/scratch/bcea6ddd0221/C0-PQLink/build/avr-nano-current/LiveSensorClient.o
 .bss._ZL8pqClient
                0x0000000000800802       0xd1 /workspace/scratch/bcea6ddd0221/C0-PQLink/build/avr-nano-current/LiveSensorClient.o
 .bss.timer0_fract
                0x00000000008008d3        0x1 /tmp/c0-toolchain/node_modules/@horang-corp/avr-gcc-wasm/assets/objects/core_wiring.o
 .bss.timer0_millis
                0x00000000008008d4        0x4 /tmp/c0-toolchain/node_modules/@horang-corp/avr-gcc-wasm/assets/objects/core_wiring.o
                0x00000000008008d4                timer0_millis
 .bss.timer0_overflow_count
                0x00000000008008d8        0x4 /tmp/c0-toolchain/node_modules/@horang-corp/avr-gcc-wasm/assets/objects/core_wiring.o
                0x00000000008008d8                timer0_overflow_count
 *(COMMON)
 COMMON         0x00000000008008dc        0x4 /tmp/c0-toolchain/node_modules/quirkbot-avr-gcc/tools/avr/bin/../lib/gcc/avr/7.3.0/../../../../avr/lib/avr5/libc.a(malloc.o)
                0x00000000008008dc                __brkval
                0x00000000008008de                __flp
                0x00000000008008e0                PROVIDE (__bss_end, .)
                0x0000000000004d04                __data_load_start = LOADADDR (.data)
                0x0000000000004e96                __data_load_end = (__data_load_start + SIZEOF (.data))

.noinit         0x00000000008008e0        0x0
                [!provide]                        PROVIDE (__noinit_start, .)
 *(.noinit*)
                [!provide]                        PROVIDE (__noinit_end, .)
                0x00000000008008e0                _end = .
                0x00000000008008e0                PROVIDE (__heap_start, .)

.eeprom         0x0000000000810000        0x0
 *(.eeprom*)
                0x0000000000810000                __eeprom_end = .

.fuse
 *(.fuse)
 *(.lfuse)
 *(.hfuse)
 *(.efuse)

.lock
 *(.lock*)

.signature
 *(.signature*)

.user_signatures
 *(.user_signatures*)

.stab
 *(.stab)

.stabstr
 *(.stabstr)

.stab.excl
 *(.stab.excl)

.stab.exclstr
 *(.stab.exclstr)

.stab.index
 *(.stab.index)

.stab.indexstr
 *(.stab.indexstr)

.comment        0x0000000000000000       0x11
 *(.comment)
 .comment       0x0000000000000000       0x11 /workspace/scratch/bcea6ddd0221/C0-PQLink/build/avr-nano-current/keccak.o
                                         0x12 (size before relaxing)
 .comment       0x0000000000000011       0x12 /workspace/scratch/bcea6ddd0221/C0-PQLink/build/avr-nano-current/sha256.o
 .comment       0x0000000000000011       0x12 /workspace/scratch/bcea6ddd0221/C0-PQLink/build/avr-nano-current/mlkem512_stream.o
 .comment       0x0000000000000011       0x12 /workspace/scratch/bcea6ddd0221/C0-PQLink/build/avr-nano-current/crypto.o
 .comment       0x0000000000000011       0x12 /workspace/scratch/bcea6ddd0221/C0-PQLink/build/avr-nano-current/preflight.o
 .comment       0x0000000000000011       0x12 /workspace/scratch/bcea6ddd0221/C0-PQLink/build/avr-nano-current/fragment.o
 .comment       0x0000000000000011       0x12 /workspace/scratch/bcea6ddd0221/C0-PQLink/build/avr-nano-current/C0PQLink.o
 .comment       0x0000000000000011       0x12 /workspace/scratch/bcea6ddd0221/C0-PQLink/build/avr-nano-current/LiveSensorClient.o
 .comment       0x0000000000000011       0x12 /tmp/c0-toolchain/node_modules/@horang-corp/avr-gcc-wasm/assets/objects/core_main.o
 .comment       0x0000000000000011       0x12 /tmp/c0-toolchain/node_modules/@horang-corp/avr-gcc-wasm/assets/objects/core_wiring.o
 .comment       0x0000000000000011       0x12 /tmp/c0-toolchain/node_modules/@horang-corp/avr-gcc-wasm/assets/objects/core_new.o
 .comment       0x0000000000000011       0x12 /tmp/c0-toolchain/node_modules/quirkbot-avr-gcc/tools/avr/bin/../lib/gcc/avr/7.3.0/../../../../avr/lib/avr5/libc.a(malloc.o)

.note.gnu.avr.deviceinfo
                0x0000000000000000       0x40
 .note.gnu.avr.deviceinfo
                0x0000000000000000       0x40 /tmp/c0-toolchain/node_modules/quirkbot-avr-gcc/tools/avr/bin/../lib/gcc/avr/7.3.0/../../../../avr/lib/avr5/crtatmega328p.o

.note.gnu.build-id
 *(.note.gnu.build-id)

.debug
 *(.debug)

.line
 *(.line)

.debug_srcinfo
 *(.debug_srcinfo)

.debug_sfnames
 *(.debug_sfnames)

.debug_aranges  0x0000000000000000      0x300
 *(.debug_aranges)
 .debug_aranges
                0x0000000000000000       0x30 /tmp/c0-toolchain/node_modules/@horang-corp/avr-gcc-wasm/assets/objects/core_main.o
 .debug_aranges
                0x0000000000000030       0x48 /tmp/c0-toolchain/node_modules/@horang-corp/avr-gcc-wasm/assets/objects/core_wiring.o
 .debug_aranges
                0x0000000000000078       0x68 /tmp/c0-toolchain/node_modules/@horang-corp/avr-gcc-wasm/assets/objects/core_new.o
 .debug_aranges
                0x00000000000000e0       0x20 /tmp/c0-toolchain/node_modules/quirkbot-avr-gcc/tools/avr/bin/../lib/gcc/avr/7.3.0/avr5/libgcc.a(_mulsi3.o)
 .debug_aranges
                0x0000000000000100       0x20 /tmp/c0-toolchain/node_modules/quirkbot-avr-gcc/tools/avr/bin/../lib/gcc/avr/7.3.0/avr5/libgcc.a(_udivmodhi4.o)
 .debug_aranges
                0x0000000000000120       0x20 /tmp/c0-toolchain/node_modules/quirkbot-avr-gcc/tools/avr/bin/../lib/gcc/avr/7.3.0/avr5/libgcc.a(_exit.o)
 .debug_aranges
                0x0000000000000140       0x20 /tmp/c0-toolchain/node_modules/quirkbot-avr-gcc/tools/avr/bin/../lib/gcc/avr/7.3.0/avr5/libgcc.a(_copy_data.o)
 .debug_aranges
                0x0000000000000160       0x20 /tmp/c0-toolchain/node_modules/quirkbot-avr-gcc/tools/avr/bin/../lib/gcc/avr/7.3.0/avr5/libgcc.a(_clear_bss.o)
 .debug_aranges
                0x0000000000000180       0x20 /tmp/c0-toolchain/node_modules/quirkbot-avr-gcc/tools/avr/bin/../lib/gcc/avr/7.3.0/avr5/libgcc.a(_ctors.o)
 .debug_aranges
                0x00000000000001a0       0x20 /tmp/c0-toolchain/node_modules/quirkbot-avr-gcc/tools/avr/bin/../lib/gcc/avr/7.3.0/avr5/libgcc.a(_bswapsi2.o)
 .debug_aranges
                0x00000000000001c0       0x20 /tmp/c0-toolchain/node_modules/quirkbot-avr-gcc/tools/avr/bin/../lib/gcc/avr/7.3.0/avr5/libgcc.a(_muluhisi3.o)
 .debug_aranges
                0x00000000000001e0       0x20 /tmp/c0-toolchain/node_modules/quirkbot-avr-gcc/tools/avr/bin/../lib/gcc/avr/7.3.0/avr5/libgcc.a(_muldi3.o)
 .debug_aranges
                0x0000000000000200       0x20 /tmp/c0-toolchain/node_modules/quirkbot-avr-gcc/tools/avr/bin/../lib/gcc/avr/7.3.0/avr5/libgcc.a(_muldi3_6.o)
 .debug_aranges
                0x0000000000000220       0x20 /tmp/c0-toolchain/node_modules/quirkbot-avr-gcc/tools/avr/bin/../lib/gcc/avr/7.3.0/avr5/libgcc.a(_ashldi3.o)
 .debug_aranges
                0x0000000000000240       0x20 /tmp/c0-toolchain/node_modules/quirkbot-avr-gcc/tools/avr/bin/../lib/gcc/avr/7.3.0/avr5/libgcc.a(_ashrdi3.o)
 .debug_aranges
                0x0000000000000260       0x20 /tmp/c0-toolchain/node_modules/quirkbot-avr-gcc/tools/avr/bin/../lib/gcc/avr/7.3.0/avr5/libgcc.a(_rotldi3.o)
 .debug_aranges
                0x0000000000000280       0x20 /tmp/c0-toolchain/node_modules/quirkbot-avr-gcc/tools/avr/bin/../lib/gcc/avr/7.3.0/avr5/libgcc.a(_adddi3.o)
 .debug_aranges
                0x00000000000002a0       0x20 /tmp/c0-toolchain/node_modules/quirkbot-avr-gcc/tools/avr/bin/../lib/gcc/avr/7.3.0/avr5/libgcc.a(_cmpdi2.o)
 .debug_aranges
                0x00000000000002c0       0x20 /tmp/c0-toolchain/node_modules/quirkbot-avr-gcc/tools/avr/bin/../lib/gcc/avr/7.3.0/avr5/libgcc.a(_tablejump2.o)
 .debug_aranges
                0x00000000000002e0       0x20 /tmp/c0-toolchain/node_modules/quirkbot-avr-gcc/tools/avr/bin/../lib/gcc/avr/7.3.0/avr5/libgcc.a(_umulhisi3.o)

.debug_pubnames
 *(.debug_pubnames)

.debug_info     0x0000000000000000     0x1e4c
 *(.debug_info .gnu.linkonce.wi.*)
 .debug_info    0x0000000000000000      0x5f4 /tmp/c0-toolchain/node_modules/quirkbot-avr-gcc/tools/avr/bin/../lib/gcc/avr/7.3.0/../../../../avr/lib/avr5/crtatmega328p.o
 .debug_info    0x00000000000005f4      0x421 /tmp/c0-toolchain/node_modules/@horang-corp/avr-gcc-wasm/assets/objects/core_main.o
 .debug_info    0x0000000000000a15      0x44d /tmp/c0-toolchain/node_modules/@horang-corp/avr-gcc-wasm/assets/objects/core_wiring.o
 .debug_info    0x0000000000000e62      0x48f /tmp/c0-toolchain/node_modules/@horang-corp/avr-gcc-wasm/assets/objects/core_new.o
 .debug_info    0x00000000000012f1       0xab /tmp/c0-toolchain/node_modules/quirkbot-avr-gcc/tools/avr/bin/../lib/gcc/avr/7.3.0/avr5/libgcc.a(_mulsi3.o)
 .debug_info    0x000000000000139c       0xab /tmp/c0-toolchain/node_modules/quirkbot-avr-gcc/tools/avr/bin/../lib/gcc/avr/7.3.0/avr5/libgcc.a(_udivmodhi4.o)
 .debug_info    0x0000000000001447       0xab /tmp/c0-toolchain/node_modules/quirkbot-avr-gcc/tools/avr/bin/../lib/gcc/avr/7.3.0/avr5/libgcc.a(_exit.o)
 .debug_info    0x00000000000014f2       0xab /tmp/c0-toolchain/node_modules/quirkbot-avr-gcc/tools/avr/bin/../lib/gcc/avr/7.3.0/avr5/libgcc.a(_copy_data.o)
 .debug_info    0x000000000000159d       0xab /tmp/c0-toolchain/node_modules/quirkbot-avr-gcc/tools/avr/bin/../lib/gcc/avr/7.3.0/avr5/libgcc.a(_clear_bss.o)
 .debug_info    0x0000000000001648       0xab /tmp/c0-toolchain/node_modules/quirkbot-avr-gcc/tools/avr/bin/../lib/gcc/avr/7.3.0/avr5/libgcc.a(_ctors.o)
 .debug_info    0x00000000000016f3       0xab /tmp/c0-toolchain/node_modules/quirkbot-avr-gcc/tools/avr/bin/../lib/gcc/avr/7.3.0/avr5/libgcc.a(_bswapsi2.o)
 .debug_info    0x000000000000179e       0xab /tmp/c0-toolchain/node_modules/quirkbot-avr-gcc/tools/avr/bin/../lib/gcc/avr/7.3.0/avr5/libgcc.a(_muluhisi3.o)
 .debug_info    0x0000000000001849       0xab /tmp/c0-toolchain/node_modules/quirkbot-avr-gcc/tools/avr/bin/../lib/gcc/avr/7.3.0/avr5/libgcc.a(_muldi3.o)
 .debug_info    0x00000000000018f4       0xab /tmp/c0-toolchain/node_modules/quirkbot-avr-gcc/tools/avr/bin/../lib/gcc/avr/7.3.0/avr5/libgcc.a(_muldi3_6.o)
 .debug_info    0x000000000000199f       0xab /tmp/c0-toolchain/node_modules/quirkbot-avr-gcc/tools/avr/bin/../lib/gcc/avr/7.3.0/avr5/libgcc.a(_ashldi3.o)
 .debug_info    0x0000000000001a4a       0xab /tmp/c0-toolchain/node_modules/quirkbot-avr-gcc/tools/avr/bin/../lib/gcc/avr/7.3.0/avr5/libgcc.a(_ashrdi3.o)
 .debug_info    0x0000000000001af5       0xab /tmp/c0-toolchain/node_modules/quirkbot-avr-gcc/tools/avr/bin/../lib/gcc/avr/7.3.0/avr5/libgcc.a(_rotldi3.o)
 .debug_info    0x0000000000001ba0       0xab /tmp/c0-toolchain/node_modules/quirkbot-avr-gcc/tools/avr/bin/../lib/gcc/avr/7.3.0/avr5/libgcc.a(_adddi3.o)
 .debug_info    0x0000000000001c4b       0xab /tmp/c0-toolchain/node_modules/quirkbot-avr-gcc/tools/avr/bin/../lib/gcc/avr/7.3.0/avr5/libgcc.a(_cmpdi2.o)
 .debug_info    0x0000000000001cf6       0xab /tmp/c0-toolchain/node_modules/quirkbot-avr-gcc/tools/avr/bin/../lib/gcc/avr/7.3.0/avr5/libgcc.a(_tablejump2.o)
 .debug_info    0x0000000000001da1       0xab /tmp/c0-toolchain/node_modules/quirkbot-avr-gcc/tools/avr/bin/../lib/gcc/avr/7.3.0/avr5/libgcc.a(_umulhisi3.o)

.debug_abbrev   0x0000000000000000      0xca6
 *(.debug_abbrev)
 .debug_abbrev  0x0000000000000000      0x5a2 /tmp/c0-toolchain/node_modules/quirkbot-avr-gcc/tools/avr/bin/../lib/gcc/avr/7.3.0/../../../../avr/lib/avr5/crtatmega328p.o
 .debug_abbrev  0x00000000000005a2      0x1da /tmp/c0-toolchain/node_modules/@horang-corp/avr-gcc-wasm/assets/objects/core_main.o
 .debug_abbrev  0x000000000000077c      0x1e3 /tmp/c0-toolchain/node_modules/@horang-corp/avr-gcc-wasm/assets/objects/core_wiring.o
 .debug_abbrev  0x000000000000095f      0x1f3 /tmp/c0-toolchain/node_modules/@horang-corp/avr-gcc-wasm/assets/objects/core_new.o
 .debug_abbrev  0x0000000000000b52       0x14 /tmp/c0-toolchain/node_modules/quirkbot-avr-gcc/tools/avr/bin/../lib/gcc/avr/7.3.0/avr5/libgcc.a(_mulsi3.o)
 .debug_abbrev  0x0000000000000b66       0x14 /tmp/c0-toolchain/node_modules/quirkbot-avr-gcc/tools/avr/bin/../lib/gcc/avr/7.3.0/avr5/libgcc.a(_udivmodhi4.o)
 .debug_abbrev  0x0000000000000b7a       0x14 /tmp/c0-toolchain/node_modules/quirkbot-avr-gcc/tools/avr/bin/../lib/gcc/avr/7.3.0/avr5/libgcc.a(_exit.o)
 .debug_abbrev  0x0000000000000b8e       0x14 /tmp/c0-toolchain/node_modules/quirkbot-avr-gcc/tools/avr/bin/../lib/gcc/avr/7.3.0/avr5/libgcc.a(_copy_data.o)
 .debug_abbrev  0x0000000000000ba2       0x14 /tmp/c0-toolchain/node_modules/quirkbot-avr-gcc/tools/avr/bin/../lib/gcc/avr/7.3.0/avr5/libgcc.a(_clear_bss.o)
 .debug_abbrev  0x0000000000000bb6       0x14 /tmp/c0-toolchain/node_modules/quirkbot-avr-gcc/tools/avr/bin/../lib/gcc/avr/7.3.0/avr5/libgcc.a(_ctors.o)
 .debug_abbrev  0x0000000000000bca       0x14 /tmp/c0-toolchain/node_modules/quirkbot-avr-gcc/tools/avr/bin/../lib/gcc/avr/7.3.0/avr5/libgcc.a(_bswapsi2.o)
 .debug_abbrev  0x0000000000000bde       0x14 /tmp/c0-toolchain/node_modules/quirkbot-avr-gcc/tools/avr/bin/../lib/gcc/avr/7.3.0/avr5/libgcc.a(_muluhisi3.o)
 .debug_abbrev  0x0000000000000bf2       0x14 /tmp/c0-toolchain/node_modules/quirkbot-avr-gcc/tools/avr/bin/../lib/gcc/avr/7.3.0/avr5/libgcc.a(_muldi3.o)
 .debug_abbrev  0x0000000000000c06       0x14 /tmp/c0-toolchain/node_modules/quirkbot-avr-gcc/tools/avr/bin/../lib/gcc/avr/7.3.0/avr5/libgcc.a(_muldi3_6.o)
 .debug_abbrev  0x0000000000000c1a       0x14 /tmp/c0-toolchain/node_modules/quirkbot-avr-gcc/tools/avr/bin/../lib/gcc/avr/7.3.0/avr5/libgcc.a(_ashldi3.o)
 .debug_abbrev  0x0000000000000c2e       0x14 /tmp/c0-toolchain/node_modules/quirkbot-avr-gcc/tools/avr/bin/../lib/gcc/avr/7.3.0/avr5/libgcc.a(_ashrdi3.o)
 .debug_abbrev  0x0000000000000c42       0x14 /tmp/c0-toolchain/node_modules/quirkbot-avr-gcc/tools/avr/bin/../lib/gcc/avr/7.3.0/avr5/libgcc.a(_rotldi3.o)
 .debug_abbrev  0x0000000000000c56       0x14 /tmp/c0-toolchain/node_modules/quirkbot-avr-gcc/tools/avr/bin/../lib/gcc/avr/7.3.0/avr5/libgcc.a(_adddi3.o)
 .debug_abbrev  0x0000000000000c6a       0x14 /tmp/c0-toolchain/node_modules/quirkbot-avr-gcc/tools/avr/bin/../lib/gcc/avr/7.3.0/avr5/libgcc.a(_cmpdi2.o)
 .debug_abbrev  0x0000000000000c7e       0x14 /tmp/c0-toolchain/node_modules/quirkbot-avr-gcc/tools/avr/bin/../lib/gcc/avr/7.3.0/avr5/libgcc.a(_tablejump2.o)
 .debug_abbrev  0x0000000000000c92       0x14 /tmp/c0-toolchain/node_modules/quirkbot-avr-gcc/tools/avr/bin/../lib/gcc/avr/7.3.0/avr5/libgcc.a(_umulhisi3.o)

.debug_line     0x0000000000000000     0x1417
 *(.debug_line .debug_line.* .debug_line_end)
 .debug_line    0x0000000000000000       0x1a /tmp/c0-toolchain/node_modules/quirkbot-avr-gcc/tools/avr/bin/../lib/gcc/avr/7.3.0/../../../../avr/lib/avr5/crtatmega328p.o
 .debug_line    0x000000000000001a      0x28a /tmp/c0-toolchain/node_modules/@horang-corp/avr-gcc-wasm/assets/objects/core_main.o
 .debug_line    0x00000000000002a4      0x3b9 /tmp/c0-toolchain/node_modules/@horang-corp/avr-gcc-wasm/assets/objects/core_wiring.o
 .debug_line    0x000000000000065d      0x258 /tmp/c0-toolchain/node_modules/@horang-corp/avr-gcc-wasm/assets/objects/core_new.o
 .debug_line    0x00000000000008b5       0xb0 /tmp/c0-toolchain/node_modules/quirkbot-avr-gcc/tools/avr/bin/../lib/gcc/avr/7.3.0/avr5/libgcc.a(_mulsi3.o)
 .debug_line    0x0000000000000965       0xce /tmp/c0-toolchain/node_modules/quirkbot-avr-gcc/tools/avr/bin/../lib/gcc/avr/7.3.0/avr5/libgcc.a(_udivmodhi4.o)
 .debug_line    0x0000000000000a33       0x62 /tmp/c0-toolchain/node_modules/quirkbot-avr-gcc/tools/avr/bin/../lib/gcc/avr/7.3.0/avr5/libgcc.a(_exit.o)
 .debug_line    0x0000000000000a95       0x98 /tmp/c0-toolchain/node_modules/quirkbot-avr-gcc/tools/avr/bin/../lib/gcc/avr/7.3.0/avr5/libgcc.a(_copy_data.o)
 .debug_line    0x0000000000000b2d       0x86 /tmp/c0-toolchain/node_modules/quirkbot-avr-gcc/tools/avr/bin/../lib/gcc/avr/7.3.0/avr5/libgcc.a(_clear_bss.o)
 .debug_line    0x0000000000000bb3       0x92 /tmp/c0-toolchain/node_modules/quirkbot-avr-gcc/tools/avr/bin/../lib/gcc/avr/7.3.0/avr5/libgcc.a(_ctors.o)
 .debug_line    0x0000000000000c45       0x68 /tmp/c0-toolchain/node_modules/quirkbot-avr-gcc/tools/avr/bin/../lib/gcc/avr/7.3.0/avr5/libgcc.a(_bswapsi2.o)
 .debug_line    0x0000000000000cad       0x92 /tmp/c0-toolchain/node_modules/quirkbot-avr-gcc/tools/avr/bin/../lib/gcc/avr/7.3.0/avr5/libgcc.a(_muluhisi3.o)
 .debug_line    0x0000000000000d3f      0x170 /tmp/c0-toolchain/node_modules/quirkbot-avr-gcc/tools/avr/bin/../lib/gcc/avr/7.3.0/avr5/libgcc.a(_muldi3.o)
 .debug_line    0x0000000000000eaf       0x86 /tmp/c0-toolchain/node_modules/quirkbot-avr-gcc/tools/avr/bin/../lib/gcc/avr/7.3.0/avr5/libgcc.a(_muldi3_6.o)
 .debug_line    0x0000000000000f35       0xec /tmp/c0-toolchain/node_modules/quirkbot-avr-gcc/tools/avr/bin/../lib/gcc/avr/7.3.0/avr5/libgcc.a(_ashldi3.o)
 .debug_line    0x0000000000001021      0x104 /tmp/c0-toolchain/node_modules/quirkbot-avr-gcc/tools/avr/bin/../lib/gcc/avr/7.3.0/avr5/libgcc.a(_ashrdi3.o)
 .debug_line    0x0000000000001125       0xf8 /tmp/c0-toolchain/node_modules/quirkbot-avr-gcc/tools/avr/bin/../lib/gcc/avr/7.3.0/avr5/libgcc.a(_rotldi3.o)
 .debug_line    0x000000000000121d       0x68 /tmp/c0-toolchain/node_modules/quirkbot-avr-gcc/tools/avr/bin/../lib/gcc/avr/7.3.0/avr5/libgcc.a(_adddi3.o)
 .debug_line    0x0000000000001285       0x68 /tmp/c0-toolchain/node_modules/quirkbot-avr-gcc/tools/avr/bin/../lib/gcc/avr/7.3.0/avr5/libgcc.a(_cmpdi2.o)
 .debug_line    0x00000000000012ed       0x7a /tmp/c0-toolchain/node_modules/quirkbot-avr-gcc/tools/avr/bin/../lib/gcc/avr/7.3.0/avr5/libgcc.a(_tablejump2.o)
 .debug_line    0x0000000000001367       0xb0 /tmp/c0-toolchain/node_modules/quirkbot-avr-gcc/tools/avr/bin/../lib/gcc/avr/7.3.0/avr5/libgcc.a(_umulhisi3.o)

.debug_frame    0x0000000000000000      0x1ec
 *(.debug_frame)
 .debug_frame   0x0000000000000000       0x54 /tmp/c0-toolchain/node_modules/@horang-corp/avr-gcc-wasm/assets/objects/core_main.o
 .debug_frame   0x0000000000000054       0xc4 /tmp/c0-toolchain/node_modules/@horang-corp/avr-gcc-wasm/assets/objects/core_wiring.o
 .debug_frame   0x0000000000000118       0xd4 /tmp/c0-toolchain/node_modules/@horang-corp/avr-gcc-wasm/assets/objects/core_new.o

.debug_str      0x0000000000000000      0x853
 *(.debug_str)
 .debug_str     0x0000000000000000      0x208 /tmp/c0-toolchain/node_modules/quirkbot-avr-gcc/tools/avr/bin/../lib/gcc/avr/7.3.0/../../../../avr/lib/avr5/crtatmega328p.o
 .debug_str     0x0000000000000208      0x398 /tmp/c0-toolchain/node_modules/@horang-corp/avr-gcc-wasm/assets/objects/core_main.o
                                        0x3df (size before relaxing)
 .debug_str     0x00000000000005a0      0x150 /tmp/c0-toolchain/node_modules/@horang-corp/avr-gcc-wasm/assets/objects/core_wiring.o
                                        0x2f9 (size before relaxing)
 .debug_str     0x00000000000006f0      0x163 /tmp/c0-toolchain/node_modules/@horang-corp/avr-gcc-wasm/assets/objects/core_new.o
                                        0x2cc (size before relaxing)

.debug_loc      0x0000000000000000      0x475
 *(.debug_loc)
 .debug_loc     0x0000000000000000      0x282 /tmp/c0-toolchain/node_modules/@horang-corp/avr-gcc-wasm/assets/objects/core_wiring.o
 .debug_loc     0x0000000000000282      0x1f3 /tmp/c0-toolchain/node_modules/@horang-corp/avr-gcc-wasm/assets/objects/core_new.o

.debug_macinfo
 *(.debug_macinfo)

.debug_weaknames
 *(.debug_weaknames)

.debug_funcnames
 *(.debug_funcnames)

.debug_typenames
 *(.debug_typenames)

.debug_varnames
 *(.debug_varnames)

.debug_pubtypes
 *(.debug_pubtypes)

.debug_ranges   0x0000000000000000       0xb0
 *(.debug_ranges)
 .debug_ranges  0x0000000000000000       0x20 /tmp/c0-toolchain/node_modules/@horang-corp/avr-gcc-wasm/assets/objects/core_main.o
 .debug_ranges  0x0000000000000020       0x38 /tmp/c0-toolchain/node_modules/@horang-corp/avr-gcc-wasm/assets/objects/core_wiring.o
 .debug_ranges  0x0000000000000058       0x58 /tmp/c0-toolchain/node_modules/@horang-corp/avr-gcc-wasm/assets/objects/core_new.o

.debug_macro
 *(.debug_macro)
OUTPUT(/workspace/scratch/bcea6ddd0221/C0-PQLink/build/avr-nano-current/C0-PQLink-Nano.elf elf32-avr)
LOAD linker stubs
